Archive member included to satisfy reference by file (symbol)

f:/truestudio/truestudio for stm32 9.0.0/armtools/bin/../lib/gcc/arm-atollic-eabi/6.3.1/../../../../arm-atollic-eabi/lib/armv7e-m/fpu\libc_nano.a(lib_a-init.o)
                              startup\startup_stm32l476xx.o (__libc_init_array)
f:/truestudio/truestudio for stm32 9.0.0/armtools/bin/../lib/gcc/arm-atollic-eabi/6.3.1/../../../../arm-atollic-eabi/lib/armv7e-m/fpu\libc_nano.a(lib_a-memcpy-stub.o)
                              Drivers\BSP\uart_if.o (memcpy)
f:/truestudio/truestudio for stm32 9.0.0/armtools/bin/../lib/gcc/arm-atollic-eabi/6.3.1/../../../../arm-atollic-eabi/lib/armv7e-m/fpu\libc_nano.a(lib_a-memset.o)
                              Drivers\BSP\uart_if.o (memset)
f:/truestudio/truestudio for stm32 9.0.0/armtools/bin/../lib/gcc/arm-atollic-eabi/6.3.1/../../../../arm-atollic-eabi/lib/armv7e-m/fpu\libc_nano.a(lib_a-strlen.o)
                              Drivers\BSP\dbgPrintf.o (strlen)
f:/truestudio/truestudio for stm32 9.0.0/armtools/bin/../lib/gcc/arm-atollic-eabi/6.3.1/../../../../arm-atollic-eabi/lib/armv7e-m/fpu\libc_nano.a(lib_a-vsnprintf.o)
                              Drivers\BSP\dbgPrintf.o (vsnprintf)
f:/truestudio/truestudio for stm32 9.0.0/armtools/bin/../lib/gcc/arm-atollic-eabi/6.3.1/../../../../arm-atollic-eabi/lib/armv7e-m/fpu\libc_nano.a(lib_a-impure.o)
                              f:/truestudio/truestudio for stm32 9.0.0/armtools/bin/../lib/gcc/arm-atollic-eabi/6.3.1/../../../../arm-atollic-eabi/lib/armv7e-m/fpu\libc_nano.a(lib_a-vsnprintf.o) (_impure_ptr)
f:/truestudio/truestudio for stm32 9.0.0/armtools/bin/../lib/gcc/arm-atollic-eabi/6.3.1/../../../../arm-atollic-eabi/lib/armv7e-m/fpu\libc_nano.a(lib_a-nano-svfprintf.o)
                              f:/truestudio/truestudio for stm32 9.0.0/armtools/bin/../lib/gcc/arm-atollic-eabi/6.3.1/../../../../arm-atollic-eabi/lib/armv7e-m/fpu\libc_nano.a(lib_a-vsnprintf.o) (_svfprintf_r)
f:/truestudio/truestudio for stm32 9.0.0/armtools/bin/../lib/gcc/arm-atollic-eabi/6.3.1/../../../../arm-atollic-eabi/lib/armv7e-m/fpu\libc_nano.a(lib_a-nano-vfprintf_i.o)
                              f:/truestudio/truestudio for stm32 9.0.0/armtools/bin/../lib/gcc/arm-atollic-eabi/6.3.1/../../../../arm-atollic-eabi/lib/armv7e-m/fpu\libc_nano.a(lib_a-nano-svfprintf.o) (_printf_i)
f:/truestudio/truestudio for stm32 9.0.0/armtools/bin/../lib/gcc/arm-atollic-eabi/6.3.1/../../../../arm-atollic-eabi/lib/armv7e-m/fpu\libc_nano.a(lib_a-memchr.o)
                              f:/truestudio/truestudio for stm32 9.0.0/armtools/bin/../lib/gcc/arm-atollic-eabi/6.3.1/../../../../arm-atollic-eabi/lib/armv7e-m/fpu\libc_nano.a(lib_a-nano-svfprintf.o) (memchr)
f:/truestudio/truestudio for stm32 9.0.0/armtools/bin/../lib/gcc/arm-atollic-eabi/6.3.1/../../../../arm-atollic-eabi/lib/armv7e-m/fpu\libc_nano.a(lib_a-memmove.o)
                              f:/truestudio/truestudio for stm32 9.0.0/armtools/bin/../lib/gcc/arm-atollic-eabi/6.3.1/../../../../arm-atollic-eabi/lib/armv7e-m/fpu\libc_nano.a(lib_a-nano-svfprintf.o) (memmove)
f:/truestudio/truestudio for stm32 9.0.0/armtools/bin/../lib/gcc/arm-atollic-eabi/6.3.1/../../../../arm-atollic-eabi/lib/armv7e-m/fpu\libc_nano.a(lib_a-nano-freer.o)
                              f:/truestudio/truestudio for stm32 9.0.0/armtools/bin/../lib/gcc/arm-atollic-eabi/6.3.1/../../../../arm-atollic-eabi/lib/armv7e-m/fpu\libc_nano.a(lib_a-nano-svfprintf.o) (_free_r)
f:/truestudio/truestudio for stm32 9.0.0/armtools/bin/../lib/gcc/arm-atollic-eabi/6.3.1/../../../../arm-atollic-eabi/lib/armv7e-m/fpu\libc_nano.a(lib_a-nano-mallocr.o)
                              f:/truestudio/truestudio for stm32 9.0.0/armtools/bin/../lib/gcc/arm-atollic-eabi/6.3.1/../../../../arm-atollic-eabi/lib/armv7e-m/fpu\libc_nano.a(lib_a-nano-svfprintf.o) (_malloc_r)
f:/truestudio/truestudio for stm32 9.0.0/armtools/bin/../lib/gcc/arm-atollic-eabi/6.3.1/../../../../arm-atollic-eabi/lib/armv7e-m/fpu\libc_nano.a(lib_a-nano-reallocr.o)
                              f:/truestudio/truestudio for stm32 9.0.0/armtools/bin/../lib/gcc/arm-atollic-eabi/6.3.1/../../../../arm-atollic-eabi/lib/armv7e-m/fpu\libc_nano.a(lib_a-nano-svfprintf.o) (_realloc_r)
f:/truestudio/truestudio for stm32 9.0.0/armtools/bin/../lib/gcc/arm-atollic-eabi/6.3.1/../../../../arm-atollic-eabi/lib/armv7e-m/fpu\libc_nano.a(lib_a-sbrkr.o)
                              f:/truestudio/truestudio for stm32 9.0.0/armtools/bin/../lib/gcc/arm-atollic-eabi/6.3.1/../../../../arm-atollic-eabi/lib/armv7e-m/fpu\libc_nano.a(lib_a-nano-mallocr.o) (_sbrk_r)
f:/truestudio/truestudio for stm32 9.0.0/armtools/bin/../lib/gcc/arm-atollic-eabi/6.3.1/../../../../arm-atollic-eabi/lib/armv7e-m/fpu\libc_nano.a(lib_a-mlock.o)
                              f:/truestudio/truestudio for stm32 9.0.0/armtools/bin/../lib/gcc/arm-atollic-eabi/6.3.1/../../../../arm-atollic-eabi/lib/armv7e-m/fpu\libc_nano.a(lib_a-nano-freer.o) (__malloc_lock)
[...]
Memory Configuration

Name             Origin             Length             Attributes
RAM              0x20000000         0x00018000         xrw
RAM2             0x10000000         0x00008000         xrw
FLASH            0x08000000         0x00080000         xr
*default*        0x00000000         0xffffffff

Linker script and memory map

LOAD f:/truestudio/truestudio for stm32 9.0.0/armtools/bin/../lib/gcc/arm-atollic-eabi/6.3.1/armv7e-m/fpu/crti.o
LOAD f:/truestudio/truestudio for stm32 9.0.0/armtools/bin/../lib/gcc/arm-atollic-eabi/6.3.1/armv7e-m/fpu/crtbegin.o
LOAD Drivers\BSP\appQueue.o
LOAD Drivers\BSP\dbgPrintf.o
LOAD Drivers\BSP\uart_if.o
LOAD Drivers\STM32L4xx_HAL_Driver\Src\stm32l4xx_hal.o
LOAD Drivers\STM32L4xx_HAL_Driver\Src\stm32l4xx_hal_cortex.o
LOAD Drivers\STM32L4xx_HAL_Driver\Src\stm32l4xx_hal_dma.o
LOAD Drivers\STM32L4xx_HAL_Driver\Src\stm32l4xx_hal_dma_ex.o
LOAD Drivers\STM32L4xx_HAL_Driver\Src\stm32l4xx_hal_flash.o
LOAD Drivers\STM32L4xx_HAL_Driver\Src\stm32l4xx_hal_flash_ex.o
LOAD Drivers\STM32L4xx_HAL_Driver\Src\stm32l4xx_hal_flash_ramfunc.o
LOAD Drivers\STM32L4xx_HAL_Driver\Src\stm32l4xx_hal_gpio.o
LOAD Drivers\STM32L4xx_HAL_Driver\Src\stm32l4xx_hal_i2c.o
LOAD Drivers\STM32L4xx_HAL_Driver\Src\stm32l4xx_hal_i2c_ex.o
LOAD Drivers\STM32L4xx_HAL_Driver\Src\stm32l4xx_hal_pcd.o
LOAD Drivers\STM32L4xx_HAL_Driver\Src\stm32l4xx_hal_pcd_ex.o
LOAD Drivers\STM32L4xx_HAL_Driver\Src\stm32l4xx_hal_pwr.o
LOAD Drivers\STM32L4xx_HAL_Driver\Src\stm32l4xx_hal_pwr_ex.o
LOAD Drivers\STM32L4xx_HAL_Driver\Src\stm32l4xx_hal_rcc.o
LOAD Drivers\STM32L4xx_HAL_Driver\Src\stm32l4xx_hal_rcc_ex.o
LOAD Drivers\STM32L4xx_HAL_Driver\Src\stm32l4xx_hal_rng.o
LOAD Drivers\STM32L4xx_HAL_Driver\Src\stm32l4xx_hal_rtc.o
LOAD Drivers\STM32L4xx_HAL_Driver\Src\stm32l4xx_hal_rtc_ex.o
LOAD Drivers\STM32L4xx_HAL_Driver\Src\stm32l4xx_hal_spi.o
LOAD Drivers\STM32L4xx_HAL_Driver\Src\stm32l4xx_hal_spi_ex.o
LOAD Drivers\STM32L4xx_HAL_Driver\Src\stm32l4xx_hal_tim.o
LOAD Drivers\STM32L4xx_HAL_Driver\Src\stm32l4xx_hal_tim_ex.o
LOAD Drivers\STM32L4xx_HAL_Driver\Src\stm32l4xx_hal_uart.o
LOAD Drivers\STM32L4xx_HAL_Driver\Src\stm32l4xx_hal_uart_ex.o
LOAD Drivers\STM32L4xx_HAL_Driver\Src\stm32l4xx_ll_usb.o
LOAD Middlewares\Third_Party\FreeRTOS\Source\CMSIS_RTOS\cmsis_os.o
LOAD Middlewares\Third_Party\FreeRTOS\Source\croutine.o
LOAD Middlewares\Third_Party\FreeRTOS\Source\event_groups.o
LOAD Middlewares\Third_Party\FreeRTOS\Source\list.o
LOAD Middlewares\Third_Party\FreeRTOS\Source\portable\GCC\ARM_CM4F\port.o
LOAD Middlewares\Third_Party\FreeRTOS\Source\portable\MemMang\heap_4.o
LOAD Middlewares\Third_Party\FreeRTOS\Source\queue.o
LOAD Middlewares\Third_Party\FreeRTOS\Source\tasks.o
LOAD Middlewares\Third_Party\FreeRTOS\Source\timers.o
LOAD Src\freertos.o
LOAD Src\main.o
LOAD Src\stm32l4xx_hal_msp.o
LOAD Src\stm32l4xx_it.o
LOAD Src\system_stm32l4xx.o
LOAD startup\startup_stm32l476xx.o
                0x00000080                malloc_getpagesize_P = 0x80
START GROUP
LOAD f:/truestudio/truestudio for stm32 9.0.0/armtools/bin/../lib/gcc/arm-atollic-eabi/6.3.1/../../../../arm-atollic-eabi/lib/armv7e-m/fpu\libc_nano.a
LOAD f:/truestudio/truestudio for stm32 9.0.0/armtools/bin/../lib/gcc/arm-atollic-eabi/6.3.1/../../../../arm-atollic-eabi/lib/armv7e-m/fpu\libm.a
END GROUP
START GROUP
LOAD f:/truestudio/truestudio for stm32 9.0.0/armtools/bin/../lib/gcc/arm-atollic-eabi/6.3.1/armv7e-m/fpu\libgcc.a
LOAD f:/truestudio/truestudio for stm32 9.0.0/armtools/bin/../lib/gcc/arm-atollic-eabi/6.3.1/../../../../arm-atollic-eabi/lib/armv7e-m/fpu\libc_nano.a
END GROUP
START GROUP
LOAD f:/truestudio/truestudio for stm32 9.0.0/armtools/bin/../lib/gcc/arm-atollic-eabi/6.3.1/armv7e-m/fpu\libgcc.a
LOAD f:/truestudio/truestudio for stm32 9.0.0/armtools/bin/../lib/gcc/arm-atollic-eabi/6.3.1/../../../../arm-atollic-eabi/lib/armv7e-m/fpu\libc_nano.a
LOAD f:/truestudio/truestudio for stm32 9.0.0/armtools/bin/../lib/gcc/arm-atollic-eabi/6.3.1/../../../../arm-atollic-eabi/lib/armv7e-m/fpu\libnosys.a
END GROUP
START GROUP
LOAD f:/truestudio/truestudio for stm32 9.0.0/armtools/bin/../lib/gcc/arm-atollic-eabi/6.3.1/armv7e-m/fpu\libgcc.a
LOAD f:/truestudio/truestudio for stm32 9.0.0/armtools/bin/../lib/gcc/arm-atollic-eabi/6.3.1/../../../../arm-atollic-eabi/lib/armv7e-m/fpu\libc_nano.a
LOAD f:/truestudio/truestudio for stm32 9.0.0/armtools/bin/../lib/gcc/arm-atollic-eabi/6.3.1/../../../../arm-atollic-eabi/lib/armv7e-m/fpu\libnosys.a
END GROUP
LOAD f:/truestudio/truestudio for stm32 9.0.0/armtools/bin/../lib/gcc/arm-atollic-eabi/6.3.1/armv7e-m/fpu/crtend.o
LOAD f:/truestudio/truestudio for stm32 9.0.0/armtools/bin/../lib/gcc/arm-atollic-eabi/6.3.1/armv7e-m/fpu/crtn.o
                0x20018000                _estack = 0x20018000
                0x00000200                _Min_Heap_Size = 0x200
                0x00000400                _Min_Stack_Size = 0x400

.isr_vector     0x08000000      0x188
                0x08000000                . = ALIGN (0x4)
 *(.isr_vector)
 .isr_vector    0x08000000      0x188 startup\startup_stm32l476xx.o
                0x08000000                g_pfnVectors
                0x08000188                . = ALIGN (0x4)

.text           0x08000190     0x4de4
                0x08000190                . = ALIGN (0x4)
 *(.text)
 .text          0x08000190       0x40 f:/truestudio/truestudio for stm32 9.0.0/armtools/bin/../lib/gcc/arm-atollic-eabi/6.3.1/armv7e-m/fpu/crtbegin.o
 .text          0x080001d0       0x10 f:/truestudio/truestudio for stm32 9.0.0/armtools/bin/../lib/gcc/arm-atollic-eabi/6.3.1/../../../../arm-atollic-eabi/lib/armv7e-m/fpu\libc_nano.a(lib_a-strlen.o)
                0x080001d0                strlen
 .text          0x080001e0       0xa0 f:/truestudio/truestudio for stm32 9.0.0/armtools/bin/../lib/gcc/arm-atollic-eabi/6.3.1/../../../../arm-atollic-eabi/lib/armv7e-m/fpu\libc_nano.a(lib_a-memchr.o)
                0x080001e0                memchr
 .text          0x08000280       0x30 f:/truestudio/truestudio for stm32 9.0.0/armtools/bin/../lib/gcc/arm-atollic-eabi/6.3.1/armv7e-m/fpu\libgcc.a(_aeabi_uldivmod.o)
                0x08000280                __aeabi_uldivmod
 .text          0x080002b0      0x2dc f:/truestudio/truestudio for stm32 9.0.0/armtools/bin/../lib/gcc/arm-atollic-eabi/6.3.1/armv7e-m/fpu\libgcc.a(_udivmoddi4.o)
                0x080002b0                __udivmoddi4
 .text          0x0800058c        0x4 f:/truestudio/truestudio for stm32 9.0.0/armtools/bin/../lib/gcc/arm-atollic-eabi/6.3.1/armv7e-m/fpu\libgcc.a(_dvmd_tls.o)
                0x0800058c                __aeabi_idiv0
                0x0800058c                __aeabi_ldiv0
 *(.text*)
 .text.InitQueue
                0x08000590       0x12 Drivers\BSP\appQueue.o
                0x08000590                InitQueue
 .text.IsQueueFull
                0x080005a2       0x1e Drivers\BSP\appQueue.o
                0x080005a2                IsQueueFull
 .text.EnQueue  0x080005c0       0x3a Drivers\BSP\appQueue.o
                0x080005c0                EnQueue
 .text.DeQueue  0x080005fa       0x34 Drivers\BSP\appQueue.o
                0x080005fa                DeQueue
 .text.ClearQueue
                0x0800062e       0x12 Drivers\BSP\appQueue.o
                0x0800062e                ClearQueue
 .text.GetLength
                0x08000640        0x6 Drivers\BSP\appQueue.o
                0x08000640                GetLength
 .text.writeString
                0x08000646       0x24 Drivers\BSP\dbgPrintf.o
                0x08000646                writeString
 *fill*         0x0800066a        0x2 
 .text.Console_dbgPrintf
                0x0800066c       0x34 Drivers\BSP\dbgPrintf.o
                0x0800066c                Console_dbgPrintf
 .text.HAL_UART_RxCpltCallback
                0x080006a0       0xb4 Drivers\BSP\uart_if.o
                0x080006a0                HAL_UART_RxCpltCallback
 .text.HAL_UART_TxCpltCallback
                0x08000754       0x68 Drivers\BSP\uart_if.o
                0x08000754                HAL_UART_TxCpltCallback
 .text.USART1_IRQHandler
                0x080007bc       0x9c Drivers\BSP\uart_if.o
                0x080007bc                USART1_IRQHandler
 .text.USART2_IRQHandler
                0x08000858       0xa8 Drivers\BSP\uart_if.o
                0x08000858                USART2_IRQHandler
 .text.USART3_IRQHandler
                0x08000900       0xac Drivers\BSP\uart_if.o
                0x08000900                USART3_IRQHandler
 .text.UART4_IRQHandler
                0x080009ac       0xa8 Drivers\BSP\uart_if.o
                0x080009ac                UART4_IRQHandler
 .text.UART5_IRQHandler
                0x08000a54       0xa4 Drivers\BSP\uart_if.o
                0x08000a54                UART5_IRQHandler
 .text.tszUART_Init
                0x08000af8       0xe4 Drivers\BSP\uart_if.o
                0x08000af8                tszUART_Init
 .text.tszUART_Read
                0x08000bdc       0xbc Drivers\BSP\uart_if.o
                0x08000bdc                tszUART_Read
 .text.tszUART_Write
                0x08000c98       0xf8 Drivers\BSP\uart_if.o
                0x08000c98                tszUART_Write
 .text.HAL_InitTick
                0x08000d90       0x28 Drivers\STM32L4xx_HAL_Driver\Src\stm32l4xx_hal.o
                0x08000d90                HAL_InitTick
 .text.HAL_Init
                0x08000db8       0x16 Drivers\STM32L4xx_HAL_Driver\Src\stm32l4xx_hal.o
                0x08000db8                HAL_Init
 *fill*         0x08000dce        0x2 
 .text.HAL_IncTick
                0x08000dd0       0x10 Drivers\STM32L4xx_HAL_Driver\Src\stm32l4xx_hal.o
                0x08000dd0                HAL_IncTick
 .text.HAL_GetTick
                0x08000de0        0xc Drivers\STM32L4xx_HAL_Driver\Src\stm32l4xx_hal.o
                0x08000de0                HAL_GetTick
 .text.HAL_Delay
                0x08000dec       0x1c Drivers\STM32L4xx_HAL_Driver\Src\stm32l4xx_hal.o
                0x08000dec                HAL_Delay
 .text.HAL_NVIC_SetPriorityGrouping
                0x08000e08       0x24 Drivers\STM32L4xx_HAL_Driver\Src\stm32l4xx_hal_cortex.o
                0x08000e08                HAL_NVIC_SetPriorityGrouping
 .text.HAL_NVIC_SetPriority
                0x08000e2c       0x68 Drivers\STM32L4xx_HAL_Driver\Src\stm32l4xx_hal_cortex.o
                0x08000e2c                HAL_NVIC_SetPriority
 .text.HAL_NVIC_EnableIRQ
                0x08000e94       0x18 Drivers\STM32L4xx_HAL_Driver\Src\stm32l4xx_hal_cortex.o
                0x08000e94                HAL_NVIC_EnableIRQ
 .text.HAL_SYSTICK_Config
                0x08000eac       0x2c Drivers\STM32L4xx_HAL_Driver\Src\stm32l4xx_hal_cortex.o
                0x08000eac                HAL_SYSTICK_Config
 .text.HAL_SYSTICK_CLKSourceConfig
                0x08000ed8       0x18 Drivers\STM32L4xx_HAL_Driver\Src\stm32l4xx_hal_cortex.o
                0x08000ed8                HAL_SYSTICK_CLKSourceConfig
 .text.HAL_DMA_Init
                0x08000ef0       0xe0 Drivers\STM32L4xx_HAL_Driver\Src\stm32l4xx_hal_dma.o
                0x08000ef0                HAL_DMA_Init
 .text.HAL_DMA_Start_IT
                0x08000fd0       0x7c Drivers\STM32L4xx_HAL_Driver\Src\stm32l4xx_hal_dma.o
                0x08000fd0                HAL_DMA_Start_IT
 .text.HAL_DMA_Abort
                0x0800104c       0x32 Drivers\STM32L4xx_HAL_Driver\Src\stm32l4xx_hal_dma.o
                0x0800104c                HAL_DMA_Abort
 .text.HAL_DMA_Abort_IT
                0x0800107e       0x48 Drivers\STM32L4xx_HAL_Driver\Src\stm32l4xx_hal_dma.o
                0x0800107e                HAL_DMA_Abort_IT
 .text.HAL_DMA_IRQHandler
                0x080010c6       0x90 Drivers\STM32L4xx_HAL_Driver\Src\stm32l4xx_hal_dma.o
                0x080010c6                HAL_DMA_IRQHandler
 *fill*         0x08001156        0x2 
 .text.HAL_GPIO_Init
                0x08001158      0x1b8 Drivers\STM32L4xx_HAL_Driver\Src\stm32l4xx_hal_gpio.o
                0x08001158                HAL_GPIO_Init
 .text.HAL_PCD_Init
                0x08001310      0x10a Drivers\STM32L4xx_HAL_Driver\Src\stm32l4xx_hal_pcd.o
                0x08001310                HAL_PCD_Init
 .text.HAL_PCDEx_ActivateLPM
                0x0800141a       0x26 Drivers\STM32L4xx_HAL_Driver\Src\stm32l4xx_hal_pcd_ex.o
                0x0800141a                HAL_PCDEx_ActivateLPM
 .text.HAL_PCDEx_ActivateBCD
                0x08001440       0x14 Drivers\STM32L4xx_HAL_Driver\Src\stm32l4xx_hal_pcd_ex.o
                0x08001440                HAL_PCDEx_ActivateBCD
 .text.HAL_PWR_EnableBkUpAccess
                0x08001454       0x10 Drivers\STM32L4xx_HAL_Driver\Src\stm32l4xx_hal_pwr.o
                0x08001454                HAL_PWR_EnableBkUpAccess
 .text.HAL_PWREx_GetVoltageRange
                0x08001464       0x10 Drivers\STM32L4xx_HAL_Driver\Src\stm32l4xx_hal_pwr_ex.o
                0x08001464                HAL_PWREx_GetVoltageRange
 .text.HAL_PWREx_ControlVoltageScaling
                0x08001474       0x68 Drivers\STM32L4xx_HAL_Driver\Src\stm32l4xx_hal_pwr_ex.o
                0x08001474                HAL_PWREx_ControlVoltageScaling
 .text.HAL_PWREx_EnableVddUSB
                0x080014dc       0x10 Drivers\STM32L4xx_HAL_Driver\Src\stm32l4xx_hal_pwr_ex.o
                0x080014dc                HAL_PWREx_EnableVddUSB
 .text.HAL_PWREx_EnableVddIO2
                0x080014ec       0x10 Drivers\STM32L4xx_HAL_Driver\Src\stm32l4xx_hal_pwr_ex.o
                0x080014ec                HAL_PWREx_EnableVddIO2
 .text.RCC_SetFlashLatencyFromMSIRange
                0x080014fc       0x84 Drivers\STM32L4xx_HAL_Driver\Src\stm32l4xx_hal_rcc.o
 .text.HAL_RCC_GetSysClockFreq
                0x08001580       0xd0 Drivers\STM32L4xx_HAL_Driver\Src\stm32l4xx_hal_rcc.o
                0x08001580                HAL_RCC_GetSysClockFreq
 .text.HAL_RCC_OscConfig
                0x08001650      0x464 Drivers\STM32L4xx_HAL_Driver\Src\stm32l4xx_hal_rcc.o
                0x08001650                HAL_RCC_OscConfig
 .text.HAL_RCC_ClockConfig
                0x08001ab4      0x16c Drivers\STM32L4xx_HAL_Driver\Src\stm32l4xx_hal_rcc.o
                0x08001ab4                HAL_RCC_ClockConfig
 .text.HAL_RCC_GetHCLKFreq
                0x08001c20        0xc Drivers\STM32L4xx_HAL_Driver\Src\stm32l4xx_hal_rcc.o
                0x08001c20                HAL_RCC_GetHCLKFreq
 .text.HAL_RCC_GetPCLK1Freq
                0x08001c2c       0x20 Drivers\STM32L4xx_HAL_Driver\Src\stm32l4xx_hal_rcc.o
                0x08001c2c                HAL_RCC_GetPCLK1Freq
 .text.HAL_RCC_GetPCLK2Freq
                0x08001c4c       0x20 Drivers\STM32L4xx_HAL_Driver\Src\stm32l4xx_hal_rcc.o
                0x08001c4c                HAL_RCC_GetPCLK2Freq
 .text.RCCEx_PLLSAI1_Config
                0x08001c6c      0x11c Drivers\STM32L4xx_HAL_Driver\Src\stm32l4xx_hal_rcc_ex.o
 .text.RCCEx_PLLSAI2_Config
                0x08001d88       0xfc Drivers\STM32L4xx_HAL_Driver\Src\stm32l4xx_hal_rcc_ex.o
 .text.HAL_RCCEx_PeriphCLKConfig
                0x08001e84      0x3d0 Drivers\STM32L4xx_HAL_Driver\Src\stm32l4xx_hal_rcc_ex.o
                0x08001e84                HAL_RCCEx_PeriphCLKConfig
 .text.HAL_RCCEx_EnableMSIPLLMode
                0x08002254       0x10 Drivers\STM32L4xx_HAL_Driver\Src\stm32l4xx_hal_rcc_ex.o
                0x08002254                HAL_RCCEx_EnableMSIPLLMode
 .text.HAL_RNG_Init
                0x08002264       0x2e Drivers\STM32L4xx_HAL_Driver\Src\stm32l4xx_hal_rng.o
                0x08002264                HAL_RNG_Init
 .text.HAL_RTC_WaitForSynchro
                0x08002292       0x30 Drivers\STM32L4xx_HAL_Driver\Src\stm32l4xx_hal_rtc.o
                0x08002292                HAL_RTC_WaitForSynchro
 .text.RTC_EnterInitMode
                0x080022c2       0x34 Drivers\STM32L4xx_HAL_Driver\Src\stm32l4xx_hal_rtc.o
                0x080022c2                RTC_EnterInitMode
 .text.HAL_RTC_Init
                0x080022f6       0xaa Drivers\STM32L4xx_HAL_Driver\Src\stm32l4xx_hal_rtc.o
                0x080022f6                HAL_RTC_Init
 .text.HAL_SPI_Init
                0x080023a0       0xa2 Drivers\STM32L4xx_HAL_Driver\Src\stm32l4xx_hal_spi.o
                0x080023a0                HAL_SPI_Init
 .text.UART_EndRxTransfer
                0x08002442       0x1e Drivers\STM32L4xx_HAL_Driver\Src\stm32l4xx_hal_uart.o
 .text.HAL_UART_Transmit_DMA
                0x08002460       0x78 Drivers\STM32L4xx_HAL_Driver\Src\stm32l4xx_hal_uart.o
                0x08002460                HAL_UART_Transmit_DMA
 .text.HAL_UART_Receive_DMA
                0x080024d8       0x88 Drivers\STM32L4xx_HAL_Driver\Src\stm32l4xx_hal_uart.o
                0x080024d8                HAL_UART_Receive_DMA
 .text.HAL_UART_DMAStop
                0x08002560       0x5e Drivers\STM32L4xx_HAL_Driver\Src\stm32l4xx_hal_uart.o
                0x08002560                HAL_UART_DMAStop
 .text.UART_DMATransmitCplt
                0x080025be       0x32 Drivers\STM32L4xx_HAL_Driver\Src\stm32l4xx_hal_uart.o
 .text.HAL_UART_TxHalfCpltCallback
                0x080025f0        0x2 Drivers\STM32L4xx_HAL_Driver\Src\stm32l4xx_hal_uart.o
                0x080025f0                HAL_UART_TxHalfCpltCallback
 .text.UART_DMATxHalfCplt
                0x080025f2        0xa Drivers\STM32L4xx_HAL_Driver\Src\stm32l4xx_hal_uart.o
 .text.UART_DMAReceiveCplt
                0x080025fc       0x3a Drivers\STM32L4xx_HAL_Driver\Src\stm32l4xx_hal_uart.o
 .text.HAL_UART_RxHalfCpltCallback
                0x08002636        0x2 Drivers\STM32L4xx_HAL_Driver\Src\stm32l4xx_hal_uart.o
                0x08002636                HAL_UART_RxHalfCpltCallback
 .text.UART_DMARxHalfCplt
                0x08002638        0xa Drivers\STM32L4xx_HAL_Driver\Src\stm32l4xx_hal_uart.o
 .text.HAL_UART_ErrorCallback
                0x08002642        0x2 Drivers\STM32L4xx_HAL_Driver\Src\stm32l4xx_hal_uart.o
                0x08002642                HAL_UART_ErrorCallback
 .text.UART_DMAError
                0x08002644       0x54 Drivers\STM32L4xx_HAL_Driver\Src\stm32l4xx_hal_uart.o
 .text.HAL_UART_IRQHandler
                0x08002698      0x138 Drivers\STM32L4xx_HAL_Driver\Src\stm32l4xx_hal_uart.o
                0x08002698                HAL_UART_IRQHandler
 .text.UART_DMAAbortOnError
                0x080027d0       0x14 Drivers\STM32L4xx_HAL_Driver\Src\stm32l4xx_hal_uart.o
 .text.UART_SetConfig
                0x080027e4      0x330 Drivers\STM32L4xx_HAL_Driver\Src\stm32l4xx_hal_uart.o
                0x080027e4                UART_SetConfig
 .text.UART_AdvFeatureConfig
                0x08002b14       0xa8 Drivers\STM32L4xx_HAL_Driver\Src\stm32l4xx_hal_uart.o
                0x08002b14                UART_AdvFeatureConfig
 .text.UART_WaitOnFlagUntilTimeout
                0x08002bbc       0x62 Drivers\STM32L4xx_HAL_Driver\Src\stm32l4xx_hal_uart.o
                0x08002bbc                UART_WaitOnFlagUntilTimeout
 .text.HAL_UART_Transmit
                0x08002c1e       0xae Drivers\STM32L4xx_HAL_Driver\Src\stm32l4xx_hal_uart.o
                0x08002c1e                HAL_UART_Transmit
 .text.UART_CheckIdleState
                0x08002ccc       0x64 Drivers\STM32L4xx_HAL_Driver\Src\stm32l4xx_hal_uart.o
                0x08002ccc                UART_CheckIdleState
 .text.HAL_UART_Init
                0x08002d30       0x70 Drivers\STM32L4xx_HAL_Driver\Src\stm32l4xx_hal_uart.o
                0x08002d30                HAL_UART_Init
 .text.HAL_UARTEx_WakeupCallback
                0x08002da0        0x2 Drivers\STM32L4xx_HAL_Driver\Src\stm32l4xx_hal_uart_ex.o
                0x08002da0                HAL_UARTEx_WakeupCallback
 .text.USB_CoreInit
                0x08002da2       0x28 Drivers\STM32L4xx_HAL_Driver\Src\stm32l4xx_ll_usb.o
                0x08002da2                USB_CoreInit
 .text.USB_DisableGlobalInt
                0x08002dca        0xc Drivers\STM32L4xx_HAL_Driver\Src\stm32l4xx_ll_usb.o
                0x08002dca                USB_DisableGlobalInt
 .text.USB_SetCurrentMode
                0x08002dd6       0x2e Drivers\STM32L4xx_HAL_Driver\Src\stm32l4xx_ll_usb.o
                0x08002dd6                USB_SetCurrentMode
 .text.USB_DevInit
                0x08002e04      0x130 Drivers\STM32L4xx_HAL_Driver\Src\stm32l4xx_ll_usb.o
                0x08002e04                USB_DevInit
 .text.USB_FlushTxFifo
                0x08002f34       0x24 Drivers\STM32L4xx_HAL_Driver\Src\stm32l4xx_ll_usb.o
                0x08002f34                USB_FlushTxFifo
 .text.USB_FlushRxFifo
                0x08002f58       0x20 Drivers\STM32L4xx_HAL_Driver\Src\stm32l4xx_ll_usb.o
                0x08002f58                USB_FlushRxFifo
 .text.USB_SetDevSpeed
                0x08002f78        0xe Drivers\STM32L4xx_HAL_Driver\Src\stm32l4xx_ll_usb.o
                0x08002f78                USB_SetDevSpeed
 .text.USB_DevDisconnect
                0x08002f86       0x18 Drivers\STM32L4xx_HAL_Driver\Src\stm32l4xx_ll_usb.o
                0x08002f86                USB_DevDisconnect
 *fill*         0x08002f9e        0x2 
 .text.USB_CoreReset
                0x08002fa0       0x68 Drivers\STM32L4xx_HAL_Driver\Src\stm32l4xx_ll_usb.o
 .text.osKernelStart
                0x08003008        0xa Middlewares\Third_Party\FreeRTOS\Source\CMSIS_RTOS\cmsis_os.o
                0x08003008                osKernelStart
 .text.osThreadCreate
                0x08003012       0x30 Middlewares\Third_Party\FreeRTOS\Source\CMSIS_RTOS\cmsis_os.o
                0x08003012                osThreadCreate
 .text.osDelay  0x08003042       0x10 Middlewares\Third_Party\FreeRTOS\Source\CMSIS_RTOS\cmsis_os.o
                0x08003042                osDelay
 .text.osSystickHandler
                0x08003052       0x14 Middlewares\Third_Party\FreeRTOS\Source\CMSIS_RTOS\cmsis_os.o
                0x08003052                osSystickHandler
 .text.vListInitialise
                0x08003066       0x16 Middlewares\Third_Party\FreeRTOS\Source\list.o
                0x08003066                vListInitialise
 .text.vListInitialiseItem
                0x0800307c        0x6 Middlewares\Third_Party\FreeRTOS\Source\list.o
                0x0800307c                vListInitialiseItem
 .text.vListInsertEnd
                0x08003082       0x18 Middlewares\Third_Party\FreeRTOS\Source\list.o
                0x08003082                vListInsertEnd
 .text.vListInsert
                0x0800309a       0x2e Middlewares\Third_Party\FreeRTOS\Source\list.o
                0x0800309a                vListInsert
 .text.uxListRemove
                0x080030c8       0x20 Middlewares\Third_Party\FreeRTOS\Source\list.o
                0x080030c8                uxListRemove
 .text.prvTaskExitError
                0x080030e8       0x30 Middlewares\Third_Party\FreeRTOS\Source\portable\GCC\ARM_CM4F\port.o
 .text.prvPortStartFirstTask
                0x08003118       0x20 Middlewares\Third_Party\FreeRTOS\Source\portable\GCC\ARM_CM4F\port.o
 .text.vPortEnableVFP
                0x08003138       0x14 Middlewares\Third_Party\FreeRTOS\Source\portable\GCC\ARM_CM4F\port.o
 .text.pxPortInitialiseStack
                0x0800314c       0x2c Middlewares\Third_Party\FreeRTOS\Source\portable\GCC\ARM_CM4F\port.o
                0x0800314c                pxPortInitialiseStack
 *fill*         0x08003178        0x8 
 .text.SVC_Handler
                0x08003180       0x24 Middlewares\Third_Party\FreeRTOS\Source\portable\GCC\ARM_CM4F\port.o
                0x08003180                SVC_Handler
 .text.vPortEnterCritical
                0x080031a4       0x44 Middlewares\Third_Party\FreeRTOS\Source\portable\GCC\ARM_CM4F\port.o
                0x080031a4                vPortEnterCritical
 .text.vPortExitCritical
                0x080031e8       0x28 Middlewares\Third_Party\FreeRTOS\Source\portable\GCC\ARM_CM4F\port.o
                0x080031e8                vPortExitCritical
 .text.PendSV_Handler
                0x08003210       0x64 Middlewares\Third_Party\FreeRTOS\Source\portable\GCC\ARM_CM4F\port.o
                0x08003210                PendSV_Handler
 .text.xPortSysTickHandler
                0x08003274       0x2c Middlewares\Third_Party\FreeRTOS\Source\portable\GCC\ARM_CM4F\port.o
                0x08003274                xPortSysTickHandler
 .text.vPortSetupTimerInterrupt
                0x080032a0       0x28 Middlewares\Third_Party\FreeRTOS\Source\portable\GCC\ARM_CM4F\port.o
                0x080032a0                vPortSetupTimerInterrupt
 .text.xPortStartScheduler
                0x080032c8       0xec Middlewares\Third_Party\FreeRTOS\Source\portable\GCC\ARM_CM4F\port.o
                0x080032c8                xPortStartScheduler
 .text.unlikely.prvInsertBlockIntoFreeList
                0x080033b4       0x48 Middlewares\Third_Party\FreeRTOS\Source\portable\MemMang\heap_4.o
 .text.pvPortMalloc
                0x080033fc      0x11c Middlewares\Third_Party\FreeRTOS\Source\portable\MemMang\heap_4.o
                0x080033fc                pvPortMalloc
 .text.vPortFree
                0x08003518       0x70 Middlewares\Third_Party\FreeRTOS\Source\portable\MemMang\heap_4.o
                0x08003518                vPortFree
 .text.prvResetNextTaskUnblockTime
                0x08003588       0x24 Middlewares\Third_Party\FreeRTOS\Source\tasks.o
 .text.prvAddCurrentTaskToDelayedList
                0x080035ac       0x8c Middlewares\Third_Party\FreeRTOS\Source\tasks.o
 .text.xTaskCreate
                0x08003638      0x1a0 Middlewares\Third_Party\FreeRTOS\Source\tasks.o
                0x08003638                xTaskCreate
 .text.vTaskStartScheduler
                0x080037d8       0x78 Middlewares\Third_Party\FreeRTOS\Source\tasks.o
                0x080037d8                vTaskStartScheduler
 .text.vTaskSuspendAll
                0x08003850       0x10 Middlewares\Third_Party\FreeRTOS\Source\tasks.o
                0x08003850                vTaskSuspendAll
 .text.xTaskIncrementTick
                0x08003860      0x124 Middlewares\Third_Party\FreeRTOS\Source\tasks.o
                0x08003860                xTaskIncrementTick
 .text.xTaskResumeAll
                0x08003984       0xf0 Middlewares\Third_Party\FreeRTOS\Source\tasks.o
                0x08003984                xTaskResumeAll
 .text.vTaskDelay
                0x08003a74       0x48 Middlewares\Third_Party\FreeRTOS\Source\tasks.o
                0x08003a74                vTaskDelay
 .text.prvIdleTask
                0x08003abc       0x74 Middlewares\Third_Party\FreeRTOS\Source\tasks.o
 .text.vTaskSwitchContext
                0x08003b30       0x74 Middlewares\Third_Party\FreeRTOS\Source\tasks.o
                0x08003b30                vTaskSwitchContext
 .text.xTaskGetSchedulerState
                0x08003ba4       0x20 Middlewares\Third_Party\FreeRTOS\Source\tasks.o
                0x08003ba4                xTaskGetSchedulerState
 .text.StartDefaultTask
                0x08003bc4       0x4c Src\main.o
                0x08003bc4                StartDefaultTask
 .text.SystemClock_Config
                0x08003c10       0xcc Src\main.o
                0x08003c10                SystemClock_Config
 .text.startup.main
                0x08003cdc      0x2b4 Src\main.o
                0x08003cdc                main
 .text._Error_Handler
                0x08003f90        0x2 Src\main.o
                0x08003f90                _Error_Handler
 *fill*         0x08003f92        0x2 
 .text.HAL_MspInit
                0x08003f94       0x8c Src\stm32l4xx_hal_msp.o
                0x08003f94                HAL_MspInit
 .text.HAL_RNG_MspInit
                0x08004020       0x2c Src\stm32l4xx_hal_msp.o
                0x08004020                HAL_RNG_MspInit
 .text.HAL_RTC_MspInit
                0x0800404c       0x20 Src\stm32l4xx_hal_msp.o
                0x0800404c                HAL_RTC_MspInit
 .text.HAL_SPI_MspInit
                0x0800406c       0xa4 Src\stm32l4xx_hal_msp.o
                0x0800406c                HAL_SPI_MspInit
 .text.HAL_UART_MspInit
                0x08004110      0x3cc Src\stm32l4xx_hal_msp.o
                0x08004110                HAL_UART_MspInit
 .text.HAL_PCD_MspInit
                0x080044dc       0x74 Src\stm32l4xx_hal_msp.o
                0x080044dc                HAL_PCD_MspInit
 .text.NMI_Handler
                0x08004550        0x2 Src\stm32l4xx_it.o
                0x08004550                NMI_Handler
 .text.HardFault_Handler
                0x08004552        0x2 Src\stm32l4xx_it.o
                0x08004552                HardFault_Handler
 .text.MemManage_Handler
                0x08004554        0x2 Src\stm32l4xx_it.o
                0x08004554                MemManage_Handler
 .text.BusFault_Handler
                0x08004556        0x2 Src\stm32l4xx_it.o
                0x08004556                BusFault_Handler
 .text.UsageFault_Handler
                0x08004558        0x2 Src\stm32l4xx_it.o
                0x08004558                UsageFault_Handler
 .text.DebugMon_Handler
                0x0800455a        0x2 Src\stm32l4xx_it.o
                0x0800455a                DebugMon_Handler
 .text.SysTick_Handler
                0x0800455c        0xe Src\stm32l4xx_it.o
                0x0800455c                SysTick_Handler
 *fill*         0x0800456a        0x2 
 .text.DMA1_Channel2_IRQHandler
                0x0800456c        0xc Src\stm32l4xx_it.o
                0x0800456c                DMA1_Channel2_IRQHandler
 .text.DMA1_Channel3_IRQHandler
                0x08004578        0xc Src\stm32l4xx_it.o
                0x08004578                DMA1_Channel3_IRQHandler
 .text.DMA1_Channel4_IRQHandler
                0x08004584        0xc Src\stm32l4xx_it.o
                0x08004584                DMA1_Channel4_IRQHandler
 .text.DMA1_Channel5_IRQHandler
                0x08004590        0xc Src\stm32l4xx_it.o
                0x08004590                DMA1_Channel5_IRQHandler
 .text.DMA1_Channel6_IRQHandler
                0x0800459c        0xc Src\stm32l4xx_it.o
                0x0800459c                DMA1_Channel6_IRQHandler
 .text.DMA1_Channel7_IRQHandler
                0x080045a8        0xc Src\stm32l4xx_it.o
                0x080045a8                DMA1_Channel7_IRQHandler
 .text.DMA2_Channel1_IRQHandler
                0x080045b4        0xc Src\stm32l4xx_it.o
                0x080045b4                DMA2_Channel1_IRQHandler
 .text.DMA2_Channel2_IRQHandler
                0x080045c0        0xc Src\stm32l4xx_it.o
                0x080045c0                DMA2_Channel2_IRQHandler
 .text.DMA2_Channel3_IRQHandler
                0x080045cc        0xc Src\stm32l4xx_it.o
                0x080045cc                DMA2_Channel3_IRQHandler
 .text.DMA2_Channel5_IRQHandler
                0x080045d8        0xc Src\stm32l4xx_it.o
                0x080045d8                DMA2_Channel5_IRQHandler
 .text.SystemInit
                0x080045e4       0x48 Src\system_stm32l4xx.o
                0x080045e4                SystemInit
 .text.Reset_Handler
                0x0800462c       0x50 startup\startup_stm32l476xx.o
                0x0800462c                Reset_Handler
 .text.Default_Handler
                0x0800467c        0x2 startup\startup_stm32l476xx.o
                0x0800467c                RTC_Alarm_IRQHandler
                0x0800467c                EXTI2_IRQHandler
                0x0800467c                TIM8_TRG_COM_IRQHandler
                0x0800467c                TIM8_CC_IRQHandler
                0x0800467c                TIM1_CC_IRQHandler
                0x0800467c                TSC_IRQHandler
                0x0800467c                TAMP_STAMP_IRQHandler
                0x0800467c                EXTI3_IRQHandler
                0x0800467c                LPTIM2_IRQHandler
                0x0800467c                DFSDM1_FLT1_IRQHandler
                0x0800467c                I2C3_ER_IRQHandler
                0x0800467c                DFSDM1_FLT2_IRQHandler
                0x0800467c                EXTI0_IRQHandler
                0x0800467c                I2C2_EV_IRQHandler
                0x0800467c                CAN1_RX0_IRQHandler
                0x0800467c                FPU_IRQHandler
                0x0800467c                TIM1_UP_TIM16_IRQHandler
                0x0800467c                ADC1_2_IRQHandler
                0x0800467c                SPI1_IRQHandler
                0x0800467c                TIM6_DAC_IRQHandler
                0x0800467c                TIM8_UP_IRQHandler
                0x0800467c                SAI2_IRQHandler
                0x0800467c                DFSDM1_FLT3_IRQHandler
                0x0800467c                CAN1_RX1_IRQHandler
                0x0800467c                LCD_IRQHandler
                0x0800467c                ADC3_IRQHandler
                0x0800467c                TIM4_IRQHandler
                0x0800467c                QUADSPI_IRQHandler
                0x0800467c                I2C1_EV_IRQHandler
                0x0800467c                DMA2_Channel4_IRQHandler
                0x0800467c                TIM3_IRQHandler
                0x0800467c                RCC_IRQHandler
                0x0800467c                DMA1_Channel1_IRQHandler
                0x0800467c                Default_Handler
                0x0800467c                DMA2_Channel7_IRQHandler
                0x0800467c                EXTI15_10_IRQHandler
                0x0800467c                TIM7_IRQHandler
                0x0800467c                SDMMC1_IRQHandler
                0x0800467c                TIM5_IRQHandler
                0x0800467c                I2C3_EV_IRQHandler
                0x0800467c                EXTI9_5_IRQHandler
                0x0800467c                RTC_WKUP_IRQHandler
                0x0800467c                PVD_PVM_IRQHandler
                0x0800467c                SPI2_IRQHandler
                0x0800467c                CAN1_TX_IRQHandler
                0x0800467c                EXTI4_IRQHandler
                0x0800467c                RNG_IRQHandler
                0x0800467c                TIM1_TRG_COM_TIM17_IRQHandler
                0x0800467c                COMP_IRQHandler
                0x0800467c                WWDG_IRQHandler
                0x0800467c                LPUART1_IRQHandler
                0x0800467c                DMA2_Channel6_IRQHandler
                0x0800467c                TIM2_IRQHandler
                0x0800467c                EXTI1_IRQHandler
                0x0800467c                DFSDM1_FLT0_IRQHandler
                0x0800467c                I2C2_ER_IRQHandler
                0x0800467c                TIM8_BRK_IRQHandler
                0x0800467c                CAN1_SCE_IRQHandler
                0x0800467c                FLASH_IRQHandler
                0x0800467c                OTG_FS_IRQHandler
                0x0800467c                SPI3_IRQHandler
                0x0800467c                I2C1_ER_IRQHandler
                0x0800467c                FMC_IRQHandler
                0x0800467c                SWPMI1_IRQHandler
                0x0800467c                LPTIM1_IRQHandler
                0x0800467c                SAI1_IRQHandler
                0x0800467c                TIM1_BRK_TIM15_IRQHandler
 *fill*         0x0800467e        0x2 
 .text.__libc_init_array
                0x08004680       0x48 f:/truestudio/truestudio for stm32 9.0.0/armtools/bin/../lib/gcc/arm-atollic-eabi/6.3.1/../../../../arm-atollic-eabi/lib/armv7e-m/fpu\libc_nano.a(lib_a-init.o)
                0x08004680                __libc_init_array
 .text.memcpy   0x080046c8       0x16 f:/truestudio/truestudio for stm32 9.0.0/armtools/bin/../lib/gcc/arm-atollic-eabi/6.3.1/../../../../arm-atollic-eabi/lib/armv7e-m/fpu\libc_nano.a(lib_a-memcpy-stub.o)
                0x080046c8                memcpy
 .text.memset   0x080046de       0x10 f:/truestudio/truestudio for stm32 9.0.0/armtools/bin/../lib/gcc/arm-atollic-eabi/6.3.1/../../../../arm-atollic-eabi/lib/armv7e-m/fpu\libc_nano.a(lib_a-memset.o)
                0x080046de                memset
 .text._vsnprintf_r
                0x080046ee       0x58 f:/truestudio/truestudio for stm32 9.0.0/armtools/bin/../lib/gcc/arm-atollic-eabi/6.3.1/../../../../arm-atollic-eabi/lib/armv7e-m/fpu\libc_nano.a(lib_a-vsnprintf.o)
                0x080046ee                _vsniprintf_r
                0x080046ee                _vsnprintf_r
 *fill*         0x08004746        0x2 
 .text.vsnprintf
                0x08004748       0x1c f:/truestudio/truestudio for stm32 9.0.0/armtools/bin/../lib/gcc/arm-atollic-eabi/6.3.1/../../../../arm-atollic-eabi/lib/armv7e-m/fpu\libc_nano.a(lib_a-vsnprintf.o)
                0x08004748                vsniprintf
                0x08004748                vsnprintf
 .text.__ssputs_r
                0x08004764       0xb6 f:/truestudio/truestudio for stm32 9.0.0/armtools/bin/../lib/gcc/arm-atollic-eabi/6.3.1/../../../../arm-atollic-eabi/lib/armv7e-m/fpu\libc_nano.a(lib_a-nano-svfprintf.o)
                0x08004764                __ssputs_r
 *fill*         0x0800481a        0x2 
 .text._svfprintf_r
                0x0800481c      0x1e8 f:/truestudio/truestudio for stm32 9.0.0/armtools/bin/../lib/gcc/arm-atollic-eabi/6.3.1/../../../../arm-atollic-eabi/lib/armv7e-m/fpu\libc_nano.a(lib_a-nano-svfprintf.o)
                0x0800481c                _svfiprintf_r
                0x0800481c                _svfprintf_r
 .text._printf_common
                0x08004a04       0xec f:/truestudio/truestudio for stm32 9.0.0/armtools/bin/../lib/gcc/arm-atollic-eabi/6.3.1/../../../../arm-atollic-eabi/lib/armv7e-m/fpu\libc_nano.a(lib_a-nano-vfprintf_i.o)
                0x08004a04                _printf_common
 .text._printf_i
                0x08004af0      0x240 f:/truestudio/truestudio for stm32 9.0.0/armtools/bin/../lib/gcc/arm-atollic-eabi/6.3.1/../../../../arm-atollic-eabi/lib/armv7e-m/fpu\libc_nano.a(lib_a-nano-vfprintf_i.o)
                0x08004af0                _printf_i
 .text.memmove  0x08004d30       0x34 f:/truestudio/truestudio for stm32 9.0.0/armtools/bin/../lib/gcc/arm-atollic-eabi/6.3.1/../../../../arm-atollic-eabi/lib/armv7e-m/fpu\libc_nano.a(lib_a-memmove.o)
                0x08004d30                memmove
 .text._free_r  0x08004d64       0x9c f:/truestudio/truestudio for stm32 9.0.0/armtools/bin/../lib/gcc/arm-atollic-eabi/6.3.1/../../../../arm-atollic-eabi/lib/armv7e-m/fpu\libc_nano.a(lib_a-nano-freer.o)
                0x08004d64                _free_r
 .text._malloc_r
                0x08004e00       0xbc f:/truestudio/truestudio for stm32 9.0.0/armtools/bin/../lib/gcc/arm-atollic-eabi/6.3.1/../../../../arm-atollic-eabi/lib/armv7e-m/fpu\libc_nano.a(lib_a-nano-mallocr.o)
                0x08004e00                _malloc_r
 .text._realloc_r
                0x08004ebc       0x4c f:/truestudio/truestudio for stm32 9.0.0/armtools/bin/../lib/gcc/arm-atollic-eabi/6.3.1/../../../../arm-atollic-eabi/lib/armv7e-m/fpu\libc_nano.a(lib_a-nano-reallocr.o)
                0x08004ebc                _realloc_r
 .text._sbrk_r  0x08004f08       0x20 f:/truestudio/truestudio for stm32 9.0.0/armtools/bin/../lib/gcc/arm-atollic-eabi/6.3.1/../../../../arm-atollic-eabi/lib/armv7e-m/fpu\libc_nano.a(lib_a-sbrkr.o)
                0x08004f08                _sbrk_r
 .text.__malloc_lock
                0x08004f28        0x2 f:/truestudio/truestudio for stm32 9.0.0/armtools/bin/../lib/gcc/arm-atollic-eabi/6.3.1/../../../../arm-atollic-eabi/lib/armv7e-m/fpu\libc_nano.a(lib_a-mlock.o)
                0x08004f28                __malloc_lock
 .text.__malloc_unlock
                0x08004f2a        0x2 f:/truestudio/truestudio for stm32 9.0.0/armtools/bin/../lib/gcc/arm-atollic-eabi/6.3.1/../../../../arm-atollic-eabi/lib/armv7e-m/fpu\libc_nano.a(lib_a-mlock.o)
                0x08004f2a                __malloc_unlock
 .text._malloc_usable_size_r
                0x08004f2c       0x12 f:/truestudio/truestudio for stm32 9.0.0/armtools/bin/../lib/gcc/arm-atollic-eabi/6.3.1/../../../../arm-atollic-eabi/lib/armv7e-m/fpu\libc_nano.a(lib_a-nano-msizer.o)
                0x08004f2c                _malloc_usable_size_r
 *fill*         0x08004f3e        0x2 
 .text._sbrk    0x08004f40       0x1c f:/truestudio/truestudio for stm32 9.0.0/armtools/bin/../lib/gcc/arm-atollic-eabi/6.3.1/../../../../arm-atollic-eabi/lib/armv7e-m/fpu\libnosys.a(sbrk.o)
                0x08004f40                _sbrk
 *(.glue_7)
 .glue_7        0x08004f5c        0x0 linker stubs
 *(.glue_7t)
 .glue_7t       0x08004f5c        0x0 linker stubs
 *(.eh_frame)
 .eh_frame      0x08004f5c        0x0 f:/truestudio/truestudio for stm32 9.0.0/armtools/bin/../lib/gcc/arm-atollic-eabi/6.3.1/armv7e-m/fpu/crtbegin.o
 *(.init)
 .init          0x08004f5c        0x4 f:/truestudio/truestudio for stm32 9.0.0/armtools/bin/../lib/gcc/arm-atollic-eabi/6.3.1/armv7e-m/fpu/crti.o
                0x08004f5c                _init
 .init          0x08004f60        0x8 f:/truestudio/truestudio for stm32 9.0.0/armtools/bin/../lib/gcc/arm-atollic-eabi/6.3.1/armv7e-m/fpu/crtn.o
 *(.fini)
 .fini          0x08004f68        0x4 f:/truestudio/truestudio for stm32 9.0.0/armtools/bin/../lib/gcc/arm-atollic-eabi/6.3.1/armv7e-m/fpu/crti.o
                0x08004f68                _fini
 .fini          0x08004f6c        0x8 f:/truestudio/truestudio for stm32 9.0.0/armtools/bin/../lib/gcc/arm-atollic-eabi/6.3.1/armv7e-m/fpu/crtn.o
                0x08004f74                . = ALIGN (0x4)
                0x08004f74                _etext = .

.vfp11_veneer   0x08004f74        0x0
 .vfp11_veneer  0x08004f74        0x0 linker stubs

.v4_bx          0x08004f74        0x0
 .v4_bx         0x08004f74        0x0 linker stubs

.iplt           0x08004f74        0x0
 .iplt          0x08004f74        0x0 f:/truestudio/truestudio for stm32 9.0.0/armtools/bin/../lib/gcc/arm-atollic-eabi/6.3.1/armv7e-m/fpu/crtbegin.o

.rodata         0x08004f74      0x114
                0x08004f74                . = ALIGN (0x4)
 *(.rodata)
 .rodata        0x08004f74       0x14 Src\main.o
 *(.rodata*)
 .rodata.Console_dbgPrintf.str1.1
                0x08004f88       0x26 Drivers\BSP\dbgPrintf.o
 .rodata.CSWTCH.51
                0x08004fae        0x4 Drivers\STM32L4xx_HAL_Driver\Src\stm32l4xx_hal_uart.o
 .rodata.CSWTCH.52
                0x08004fb2        0xd Drivers\STM32L4xx_HAL_Driver\Src\stm32l4xx_hal_uart.o
 .rodata.vTaskStartScheduler.str1.1
                0x08004fbf        0x5 Middlewares\Third_Party\FreeRTOS\Source\tasks.o
 .rodata.main.str1.1
                0x08004fc4       0x1e Src\main.o
 .rodata.str1.1
                0x08004fe2        0xc Src\main.o
 .rodata.HAL_UART_MspInit.str1.1
                0x08004fee       0x1b Src\stm32l4xx_hal_msp.o
 .rodata.AHBPrescTable
                0x08005009       0x10 Src\system_stm32l4xx.o
                0x08005009                AHBPrescTable
 .rodata.APBPrescTable
                0x08005019        0x8 Src\system_stm32l4xx.o
                0x08005019                APBPrescTable
 *fill*         0x08005021        0x3 
 .rodata.MSIRangeTable
                0x08005024       0x30 Src\system_stm32l4xx.o
                0x08005024                MSIRangeTable
 .rodata._svfprintf_r.str1.1
                0x08005054       0x11 f:/truestudio/truestudio for stm32 9.0.0/armtools/bin/../lib/gcc/arm-atollic-eabi/6.3.1/../../../../arm-atollic-eabi/lib/armv7e-m/fpu\libc_nano.a(lib_a-nano-svfprintf.o)
 .rodata._printf_i.str1.1
                0x08005065       0x22 f:/truestudio/truestudio for stm32 9.0.0/armtools/bin/../lib/gcc/arm-atollic-eabi/6.3.1/../../../../arm-atollic-eabi/lib/armv7e-m/fpu\libc_nano.a(lib_a-nano-vfprintf_i.o)
                0x08005088                . = ALIGN (0x4)
 *fill*         0x08005087        0x1 

.ARM.extab
 *(.ARM.extab* .gnu.linkonce.armextab.*)

.ARM            0x08005088        0x8
                0x08005088                __exidx_start = .
 *(.ARM.exidx*)
 .ARM.exidx     0x08005088        0x8 f:/truestudio/truestudio for stm32 9.0.0/armtools/bin/../lib/gcc/arm-atollic-eabi/6.3.1/armv7e-m/fpu\libgcc.a(_udivmoddi4.o)
                0x08005090                __exidx_end = .

.rel.dyn        0x08005090        0x0
 .rel.iplt      0x08005090        0x0 f:/truestudio/truestudio for stm32 9.0.0/armtools/bin/../lib/gcc/arm-atollic-eabi/6.3.1/armv7e-m/fpu/crtbegin.o

.preinit_array  0x08005090        0x0
                0x08005090                PROVIDE (__preinit_array_start, .)
 *(.preinit_array*)
                0x08005090                PROVIDE (__preinit_array_end, .)

.init_array     0x08005090        0x4
                0x08005090                PROVIDE (__init_array_start, .)
 *(SORT(.init_array.*))
 *(.init_array*)
 .init_array    0x08005090        0x4 f:/truestudio/truestudio for stm32 9.0.0/armtools/bin/../lib/gcc/arm-atollic-eabi/6.3.1/armv7e-m/fpu/crtbegin.o
                0x08005094                PROVIDE (__init_array_end, .)

.fini_array     0x08005094        0x4
                [!provide]                PROVIDE (__fini_array_start, .)
 *(SORT(.fini_array.*))
 *(.fini_array*)
 .fini_array    0x08005094        0x4 f:/truestudio/truestudio for stm32 9.0.0/armtools/bin/../lib/gcc/arm-atollic-eabi/6.3.1/armv7e-m/fpu/crtbegin.o
                [!provide]                PROVIDE (__fini_array_end, .)
                0x08005098                _sidata = LOADADDR (.data)

.data           0x20000000       0x6c load address 0x08005098
                0x20000000                . = ALIGN (0x4)
                0x20000000                _sdata = .
 *(.data)
 *(.data*)
 .data.uxCriticalNesting
                0x20000000        0x4 Middlewares\Third_Party\FreeRTOS\Source\portable\GCC\ARM_CM4F\port.o
 .data.SystemCoreClock
                0x20000004        0x4 Src\system_stm32l4xx.o
                0x20000004                SystemCoreClock
 .data._impure_ptr
                0x20000008        0x4 f:/truestudio/truestudio for stm32 9.0.0/armtools/bin/../lib/gcc/arm-atollic-eabi/6.3.1/../../../../arm-atollic-eabi/lib/armv7e-m/fpu\libc_nano.a(lib_a-impure.o)
                0x20000008                _impure_ptr
 .data.impure_data
                0x2000000c       0x60 f:/truestudio/truestudio for stm32 9.0.0/armtools/bin/../lib/gcc/arm-atollic-eabi/6.3.1/../../../../arm-atollic-eabi/lib/armv7e-m/fpu\libc_nano.a(lib_a-impure.o)
                0x2000006c                . = ALIGN (0x4)
                0x2000006c                _edata = .

.igot.plt       0x2000006c        0x0 load address 0x08005104
 .igot.plt      0x2000006c        0x0 f:/truestudio/truestudio for stm32 9.0.0/armtools/bin/../lib/gcc/arm-atollic-eabi/6.3.1/armv7e-m/fpu/crtbegin.o
                0x2000006c                . = ALIGN (0x4)

.bss            0x2000006c     0x45d8 load address 0x08005104
                0x2000006c                _sbss = .
                0x2000006c                __bss_start__ = _sbss
 *(.bss)
 .bss           0x2000006c       0x1c f:/truestudio/truestudio for stm32 9.0.0/armtools/bin/../lib/gcc/arm-atollic-eabi/6.3.1/armv7e-m/fpu/crtbegin.o
 *(.bss*)
 .bss.mg_szBuff
                0x20000088      0x100 Drivers\BSP\dbgPrintf.o
 .bss.ucMaxSysCallPriority
                0x20000188        0x1 Middlewares\Third_Party\FreeRTOS\Source\portable\GCC\ARM_CM4F\port.o
 *fill*         0x20000189        0x3 
 .bss.ulMaxPRIGROUPValue
                0x2000018c        0x4 Middlewares\Third_Party\FreeRTOS\Source\portable\GCC\ARM_CM4F\port.o
 .bss.pxEnd     0x20000190        0x4 Middlewares\Third_Party\FreeRTOS\Source\portable\MemMang\heap_4.o
 .bss.ucHeap    0x20000194      0xbb8 Middlewares\Third_Party\FreeRTOS\Source\portable\MemMang\heap_4.o
 .bss.xBlockAllocatedBit
                0x20000d4c        0x4 Middlewares\Third_Party\FreeRTOS\Source\portable\MemMang\heap_4.o
 .bss.xFreeBytesRemaining
                0x20000d50        0x4 Middlewares\Third_Party\FreeRTOS\Source\portable\MemMang\heap_4.o
 .bss.xMinimumEverFreeBytesRemaining
                0x20000d54        0x4 Middlewares\Third_Party\FreeRTOS\Source\portable\MemMang\heap_4.o
 .bss.xStart    0x20000d58        0x8 Middlewares\Third_Party\FreeRTOS\Source\portable\MemMang\heap_4.o
 .bss.pxCurrentTCB
                0x20000d60        0x4 Middlewares\Third_Party\FreeRTOS\Source\tasks.o
                0x20000d60                pxCurrentTCB
 .bss.pxDelayedTaskList
                0x20000d64        0x4 Middlewares\Third_Party\FreeRTOS\Source\tasks.o
 .bss.pxOverflowDelayedTaskList
                0x20000d68        0x4 Middlewares\Third_Party\FreeRTOS\Source\tasks.o
 .bss.pxReadyTasksLists
                0x20000d6c       0x8c Middlewares\Third_Party\FreeRTOS\Source\tasks.o
 .bss.uxCurrentNumberOfTasks
                0x20000df8        0x4 Middlewares\Third_Party\FreeRTOS\Source\tasks.o
 .bss.uxDeletedTasksWaitingCleanUp
                0x20000dfc        0x4 Middlewares\Third_Party\FreeRTOS\Source\tasks.o
 .bss.uxPendedTicks
                0x20000e00        0x4 Middlewares\Third_Party\FreeRTOS\Source\tasks.o
 .bss.uxSchedulerSuspended
                0x20000e04        0x4 Middlewares\Third_Party\FreeRTOS\Source\tasks.o
 .bss.uxTaskNumber
                0x20000e08        0x4 Middlewares\Third_Party\FreeRTOS\Source\tasks.o
 .bss.uxTopReadyPriority
                0x20000e0c        0x4 Middlewares\Third_Party\FreeRTOS\Source\tasks.o
 .bss.xDelayedTaskList1
                0x20000e10       0x14 Middlewares\Third_Party\FreeRTOS\Source\tasks.o
 .bss.xDelayedTaskList2
                0x20000e24       0x14 Middlewares\Third_Party\FreeRTOS\Source\tasks.o
 .bss.xIdleTaskHandle
                0x20000e38        0x4 Middlewares\Third_Party\FreeRTOS\Source\tasks.o
 .bss.xNextTaskUnblockTime
                0x20000e3c        0x4 Middlewares\Third_Party\FreeRTOS\Source\tasks.o
 .bss.xNumOfOverflows
                0x20000e40        0x4 Middlewares\Third_Party\FreeRTOS\Source\tasks.o
 .bss.xPendingReadyList
                0x20000e44       0x14 Middlewares\Third_Party\FreeRTOS\Source\tasks.o
 .bss.xSchedulerRunning
                0x20000e58        0x4 Middlewares\Third_Party\FreeRTOS\Source\tasks.o
 .bss.xSuspendedTaskList
                0x20000e5c       0x14 Middlewares\Third_Party\FreeRTOS\Source\tasks.o
 .bss.xTasksWaitingTermination
                0x20000e70       0x14 Middlewares\Third_Party\FreeRTOS\Source\tasks.o
 .bss.xTickCount
                0x20000e84        0x4 Middlewares\Third_Party\FreeRTOS\Source\tasks.o
 .bss.xYieldPending
                0x20000e88        0x4 Middlewares\Third_Party\FreeRTOS\Source\tasks.o
 .bss.__malloc_free_list
                0x20000e8c        0x4 f:/truestudio/truestudio for stm32 9.0.0/armtools/bin/../lib/gcc/arm-atollic-eabi/6.3.1/../../../../arm-atollic-eabi/lib/armv7e-m/fpu\libc_nano.a(lib_a-nano-mallocr.o)
                0x20000e8c                __malloc_free_list
 .bss.__malloc_sbrk_start
                0x20000e90        0x4 f:/truestudio/truestudio for stm32 9.0.0/armtools/bin/../lib/gcc/arm-atollic-eabi/6.3.1/../../../../arm-atollic-eabi/lib/armv7e-m/fpu\libc_nano.a(lib_a-nano-mallocr.o)
                0x20000e90                __malloc_sbrk_start
 .bss.heap_end.5239
                0x20000e94        0x4 f:/truestudio/truestudio for stm32 9.0.0/armtools/bin/../lib/gcc/arm-atollic-eabi/6.3.1/../../../../arm-atollic-eabi/lib/armv7e-m/fpu\libnosys.a(sbrk.o)
 *(COMMON)
 COMMON         0x20000e98     0x2d50 Drivers\BSP\uart_if.o
                0x20000e98                stUartProperty
 COMMON         0x20003be8        0x4 Drivers\STM32L4xx_HAL_Driver\Src\stm32l4xx_hal.o
                0x20003be8                uwTick
 COMMON         0x20003bec      0xa54 Src\main.o
                0x20003bec                hdma_uart4_rx
                0x20003c34                defaultTaskHandle
                0x20003c38                hdma_usart2_rx
                0x20003c80                hspi2
                0x20003ce4                hdma_usart3_rx
                0x20003d2c                huart3
                0x20003da4                hpcd_USB_OTG_FS
                0x20004170                hdma_usart3_tx
                0x200041b8                hdma_usart1_tx
                0x20004200                huart5
                0x20004278                hdma_usart1_rx
                0x200042c0                hdma_usart2_tx
                0x20004308                huart1
                0x20004380                hrtc
                0x200043a4                hrng
                0x200043b0                huart4
                0x20004428                hspi1
                0x2000448c                huart2
                0x20004504                hdma_uart5_rx
                0x2000454c                app_buf
                0x200045b0                hdma_uart4_tx
                0x200045f8                hdma_uart5_tx
 COMMON         0x20004640        0x4 f:/truestudio/truestudio for stm32 9.0.0/armtools/bin/../lib/gcc/arm-atollic-eabi/6.3.1/../../../../arm-atollic-eabi/lib/armv7e-m/fpu\libc_nano.a(lib_a-reent.o)
                0x20004640                errno
                0x20004644                . = ALIGN (0x4)
                0x20004644                _ebss = .
                0x20004644                __bss_end__ = _ebss

._user_heap_stack
                0x20004644      0x600 load address 0x08005104
                0x20004644                . = ALIGN (0x4)
                0x20004644                PROVIDE (end, .)
                [!provide]                PROVIDE (_end, .)
                0x20004844                . = (. + _Min_Heap_Size)
 *fill*         0x20004644      0x200 
                0x20004c44                . = (. + _Min_Stack_Size)
 *fill*         0x20004844      0x400 
                0x20004c44                . = ALIGN (0x4)

/DISCARD/
 libc.a(*)
 libm.a(*)
 libgcc.a(*)

.ARM.attributes
                0x00000000       0x30
 *(.ARM.attributes)
 .ARM.attributes
                0x00000000       0x22 f:/truestudio/truestudio for stm32 9.0.0/armtools/bin/../lib/gcc/arm-atollic-eabi/6.3.1/armv7e-m/fpu/crti.o
 .ARM.attributes
                0x00000022       0x34 f:/truestudio/truestudio for stm32 9.0.0/armtools/bin/../lib/gcc/arm-atollic-eabi/6.3.1/armv7e-m/fpu/crtbegin.o
 .ARM.attributes
                0x00000056       0x39 Drivers\BSP\appQueue.o
 .ARM.attributes
                0x0000008f       0x39 Drivers\BSP\dbgPrintf.o
 .ARM.attributes
                0x000000c8       0x39 Drivers\BSP\uart_if.o
 .ARM.attributes
                0x00000101       0x39 Drivers\STM32L4xx_HAL_Driver\Src\stm32l4xx_hal.o
 .ARM.attributes
                0x0000013a       0x39 Drivers\STM32L4xx_HAL_Driver\Src\stm32l4xx_hal_cortex.o
 .ARM.attributes
                0x00000173       0x39 Drivers\STM32L4xx_HAL_Driver\Src\stm32l4xx_hal_dma.o
 .ARM.attributes
                0x000001ac       0x39 Drivers\STM32L4xx_HAL_Driver\Src\stm32l4xx_hal_gpio.o
 .ARM.attributes
                0x000001e5       0x39 Drivers\STM32L4xx_HAL_Driver\Src\stm32l4xx_hal_pcd.o
 .ARM.attributes
                0x0000021e       0x39 Drivers\STM32L4xx_HAL_Driver\Src\stm32l4xx_hal_pcd_ex.o
 .ARM.attributes
                0x00000257       0x39 Drivers\STM32L4xx_HAL_Driver\Src\stm32l4xx_hal_pwr.o
 .ARM.attributes
                0x00000290       0x39 Drivers\STM32L4xx_HAL_Driver\Src\stm32l4xx_hal_pwr_ex.o
 .ARM.attributes
                0x000002c9       0x39 Drivers\STM32L4xx_HAL_Driver\Src\stm32l4xx_hal_rcc.o
 .ARM.attributes
                0x00000302       0x39 Drivers\STM32L4xx_HAL_Driver\Src\stm32l4xx_hal_rcc_ex.o
 .ARM.attributes
                0x0000033b       0x39 Drivers\STM32L4xx_HAL_Driver\Src\stm32l4xx_hal_rng.o
 .ARM.attributes
                0x00000374       0x39 Drivers\STM32L4xx_HAL_Driver\Src\stm32l4xx_hal_rtc.o
 .ARM.attributes
                0x000003ad       0x39 Drivers\STM32L4xx_HAL_Driver\Src\stm32l4xx_hal_spi.o
 .ARM.attributes
                0x000003e6       0x39 Drivers\STM32L4xx_HAL_Driver\Src\stm32l4xx_hal_uart.o
 .ARM.attributes
                0x0000041f       0x39 Drivers\STM32L4xx_HAL_Driver\Src\stm32l4xx_hal_uart_ex.o
 .ARM.attributes
                0x00000458       0x39 Drivers\STM32L4xx_HAL_Driver\Src\stm32l4xx_ll_usb.o
 .ARM.attributes
                0x00000491       0x39 Middlewares\Third_Party\FreeRTOS\Source\CMSIS_RTOS\cmsis_os.o
 .ARM.attributes
                0x000004ca       0x39 Middlewares\Third_Party\FreeRTOS\Source\list.o
 .ARM.attributes
                0x00000503       0x39 Middlewares\Third_Party\FreeRTOS\Source\portable\GCC\ARM_CM4F\port.o
 .ARM.attributes
                0x0000053c       0x39 Middlewares\Third_Party\FreeRTOS\Source\portable\MemMang\heap_4.o
 .ARM.attributes
                0x00000575       0x39 Middlewares\Third_Party\FreeRTOS\Source\tasks.o
 .ARM.attributes
                0x000005ae       0x39 Src\main.o
 .ARM.attributes
                0x000005e7       0x39 Src\stm32l4xx_hal_msp.o
 .ARM.attributes
                0x00000620       0x39 Src\stm32l4xx_it.o
 .ARM.attributes
                0x00000659       0x39 Src\system_stm32l4xx.o
 .ARM.attributes
                0x00000692       0x21 startup\startup_stm32l476xx.o
 .ARM.attributes
                0x000006b3       0x34 f:/truestudio/truestudio for stm32 9.0.0/armtools/bin/../lib/gcc/arm-atollic-eabi/6.3.1/../../../../arm-atollic-eabi/lib/armv7e-m/fpu\libc_nano.a(lib_a-init.o)
 .ARM.attributes
                0x000006e7       0x34 f:/truestudio/truestudio for stm32 9.0.0/armtools/bin/../lib/gcc/arm-atollic-eabi/6.3.1/../../../../arm-atollic-eabi/lib/armv7e-m/fpu\libc_nano.a(lib_a-memcpy-stub.o)
 .ARM.attributes
                0x0000071b       0x34 f:/truestudio/truestudio for stm32 9.0.0/armtools/bin/../lib/gcc/arm-atollic-eabi/6.3.1/../../../../arm-atollic-eabi/lib/armv7e-m/fpu\libc_nano.a(lib_a-memset.o)
 .ARM.attributes
                0x0000074f       0x1b f:/truestudio/truestudio for stm32 9.0.0/armtools/bin/../lib/gcc/arm-atollic-eabi/6.3.1/../../../../arm-atollic-eabi/lib/armv7e-m/fpu\libc_nano.a(lib_a-strlen.o)
 .ARM.attributes
                0x0000076a       0x34 f:/truestudio/truestudio for stm32 9.0.0/armtools/bin/../lib/gcc/arm-atollic-eabi/6.3.1/../../../../arm-atollic-eabi/lib/armv7e-m/fpu\libc_nano.a(lib_a-vsnprintf.o)
 .ARM.attributes
                0x0000079e       0x34 f:/truestudio/truestudio for stm32 9.0.0/armtools/bin/../lib/gcc/arm-atollic-eabi/6.3.1/../../../../arm-atollic-eabi/lib/armv7e-m/fpu\libc_nano.a(lib_a-impure.o)
 .ARM.attributes
                0x000007d2       0x34 f:/truestudio/truestudio for stm32 9.0.0/armtools/bin/../lib/gcc/arm-atollic-eabi/6.3.1/../../../../arm-atollic-eabi/lib/armv7e-m/fpu\libc_nano.a(lib_a-nano-svfprintf.o)
 .ARM.attributes
                0x00000806       0x34 f:/truestudio/truestudio for stm32 9.0.0/armtools/bin/../lib/gcc/arm-atollic-eabi/6.3.1/../../../../arm-atollic-eabi/lib/armv7e-m/fpu\libc_nano.a(lib_a-nano-vfprintf_i.o)
 .ARM.attributes
                0x0000083a       0x20 f:/truestudio/truestudio for stm32 9.0.0/armtools/bin/../lib/gcc/arm-atollic-eabi/6.3.1/../../../../arm-atollic-eabi/lib/armv7e-m/fpu\libc_nano.a(lib_a-memchr.o)
 .ARM.attributes
                0x0000085a       0x34 f:/truestudio/truestudio for stm32 9.0.0/armtools/bin/../lib/gcc/arm-atollic-eabi/6.3.1/../../../../arm-atollic-eabi/lib/armv7e-m/fpu\libc_nano.a(lib_a-memmove.o)
 .ARM.attributes
                0x0000088e       0x34 f:/truestudio/truestudio for stm32 9.0.0/armtools/bin/../lib/gcc/arm-atollic-eabi/6.3.1/../../../../arm-atollic-eabi/lib/armv7e-m/fpu\libc_nano.a(lib_a-nano-freer.o)
 .ARM.attributes
                0x000008c2       0x34 f:/truestudio/truestudio for stm32 9.0.0/armtools/bin/../lib/gcc/arm-atollic-eabi/6.3.1/../../../../arm-atollic-eabi/lib/armv7e-m/fpu\libc_nano.a(lib_a-nano-mallocr.o)
 .ARM.attributes
                0x000008f6       0x34 f:/truestudio/truestudio for stm32 9.0.0/armtools/bin/../lib/gcc/arm-atollic-eabi/6.3.1/../../../../arm-atollic-eabi/lib/armv7e-m/fpu\libc_nano.a(lib_a-nano-reallocr.o)
 .ARM.attributes
                0x0000092a       0x34 f:/truestudio/truestudio for stm32 9.0.0/armtools/bin/../lib/gcc/arm-atollic-eabi/6.3.1/../../../../arm-atollic-eabi/lib/armv7e-m/fpu\libc_nano.a(lib_a-sbrkr.o)
 .ARM.attributes
                0x0000095e       0x34 f:/truestudio/truestudio for stm32 9.0.0/armtools/bin/../lib/gcc/arm-atollic-eabi/6.3.1/../../../../arm-atollic-eabi/lib/armv7e-m/fpu\libc_nano.a(lib_a-mlock.o)
 .ARM.attributes
                0x00000992       0x34 f:/truestudio/truestudio for stm32 9.0.0/armtools/bin/../lib/gcc/arm-atollic-eabi/6.3.1/../../../../arm-atollic-eabi/lib/armv7e-m/fpu\libc_nano.a(lib_a-nano-msizer.o)
 .ARM.attributes
                0x000009c6       0x34 f:/truestudio/truestudio for stm32 9.0.0/armtools/bin/../lib/gcc/arm-atollic-eabi/6.3.1/../../../../arm-atollic-eabi/lib/armv7e-m/fpu\libc_nano.a(lib_a-reent.o)
 .ARM.attributes
                0x000009fa       0x22 f:/truestudio/truestudio for stm32 9.0.0/armtools/bin/../lib/gcc/arm-atollic-eabi/6.3.1/armv7e-m/fpu\libgcc.a(_aeabi_uldivmod.o)
 .ARM.attributes
                0x00000a1c       0x34 f:/truestudio/truestudio for stm32 9.0.0/armtools/bin/../lib/gcc/arm-atollic-eabi/6.3.1/armv7e-m/fpu\libgcc.a(_udivmoddi4.o)
 .ARM.attributes
                0x00000a50       0x22 f:/truestudio/truestudio for stm32 9.0.0/armtools/bin/../lib/gcc/arm-atollic-eabi/6.3.1/armv7e-m/fpu\libgcc.a(_dvmd_tls.o)
 .ARM.attributes
                0x00000a72       0x34 f:/truestudio/truestudio for stm32 9.0.0/armtools/bin/../lib/gcc/arm-atollic-eabi/6.3.1/../../../../arm-atollic-eabi/lib/armv7e-m/fpu\libnosys.a(sbrk.o)
 .ARM.attributes
                0x00000aa6       0x22 f:/truestudio/truestudio for stm32 9.0.0/armtools/bin/../lib/gcc/arm-atollic-eabi/6.3.1/armv7e-m/fpu/crtn.o
OUTPUT(modularlogger.elf elf32-littlearm)

.debug_info     0x00000000    0x28afd
 .debug_info    0x00000000      0xaa0 Drivers\BSP\appQueue.o
 .debug_info    0x00000aa0     0x1201 Drivers\BSP\dbgPrintf.o
 .debug_info    0x00001ca1     0x1d74 Drivers\BSP\uart_if.o
 .debug_info    0x00003a15     0x1301 Drivers\STM32L4xx_HAL_Driver\Src\stm32l4xx_hal.o
 .debug_info    0x00004d16     0x1773 Drivers\STM32L4xx_HAL_Driver\Src\stm32l4xx_hal_cortex.o
 .debug_info    0x00006489     0x1067 Drivers\STM32L4xx_HAL_Driver\Src\stm32l4xx_hal_dma.o
 .debug_info    0x000074f0     0x1081 Drivers\STM32L4xx_HAL_Driver\Src\stm32l4xx_hal_gpio.o
 .debug_info    0x00008571     0x1e4f Drivers\STM32L4xx_HAL_Driver\Src\stm32l4xx_hal_pcd.o
 .debug_info    0x0000a3c0     0x12b0 Drivers\STM32L4xx_HAL_Driver\Src\stm32l4xx_hal_pcd_ex.o
 .debug_info    0x0000b670     0x1203 Drivers\STM32L4xx_HAL_Driver\Src\stm32l4xx_hal_pwr.o
 .debug_info    0x0000c873     0x12a1 Drivers\STM32L4xx_HAL_Driver\Src\stm32l4xx_hal_pwr_ex.o
 .debug_info    0x0000db14     0x15c5 Drivers\STM32L4xx_HAL_Driver\Src\stm32l4xx_hal_rcc.o
 .debug_info    0x0000f0d9     0x17ef Drivers\STM32L4xx_HAL_Driver\Src\stm32l4xx_hal_rcc_ex.o
 .debug_info    0x000108c8      0xdae Drivers\STM32L4xx_HAL_Driver\Src\stm32l4xx_hal_rng.o
 .debug_info    0x00011676     0x17f5 Drivers\STM32L4xx_HAL_Driver\Src\stm32l4xx_hal_rtc.o
 .debug_info    0x00012e6b     0x280f Drivers\STM32L4xx_HAL_Driver\Src\stm32l4xx_hal_spi.o
 .debug_info    0x0001567a     0x2455 Drivers\STM32L4xx_HAL_Driver\Src\stm32l4xx_hal_uart.o
 .debug_info    0x00017acf     0x11e9 Drivers\STM32L4xx_HAL_Driver\Src\stm32l4xx_hal_uart_ex.o
 .debug_info    0x00018cb8     0x1f63 Drivers\STM32L4xx_HAL_Driver\Src\stm32l4xx_ll_usb.o
 .debug_info    0x0001ac1b     0x2504 Middlewares\Third_Party\FreeRTOS\Source\CMSIS_RTOS\cmsis_os.o
 .debug_info    0x0001d11f      0xac0 Middlewares\Third_Party\FreeRTOS\Source\list.o
 .debug_info    0x0001dbdf      0x531 Middlewares\Third_Party\FreeRTOS\Source\portable\GCC\ARM_CM4F\port.o
 .debug_info    0x0001e110      0xca5 Middlewares\Third_Party\FreeRTOS\Source\portable\MemMang\heap_4.o
 .debug_info    0x0001edb5     0x2997 Middlewares\Third_Party\FreeRTOS\Source\tasks.o
 .debug_info    0x0002174c     0x2f92 Src\main.o
 .debug_info    0x000246de     0x2828 Src\stm32l4xx_hal_msp.o
 .debug_info    0x00026f06      0xdc1 Src\stm32l4xx_it.o
 .debug_info    0x00027cc7      0xdd5 Src\system_stm32l4xx.o
 .debug_info    0x00028a9c       0x61 startup\startup_stm32l476xx.o

.debug_abbrev   0x00000000     0x5187
 .debug_abbrev  0x00000000      0x238 Drivers\BSP\appQueue.o
 .debug_abbrev  0x00000238      0x263 Drivers\BSP\dbgPrintf.o
 .debug_abbrev  0x0000049b      0x3b0 Drivers\BSP\uart_if.o
 .debug_abbrev  0x0000084b      0x2c9 Drivers\STM32L4xx_HAL_Driver\Src\stm32l4xx_hal.o
 .debug_abbrev  0x00000b14      0x37d Drivers\STM32L4xx_HAL_Driver\Src\stm32l4xx_hal_cortex.o
 .debug_abbrev  0x00000e91      0x29e Drivers\STM32L4xx_HAL_Driver\Src\stm32l4xx_hal_dma.o
 .debug_abbrev  0x0000112f      0x268 Drivers\STM32L4xx_HAL_Driver\Src\stm32l4xx_hal_gpio.o
 .debug_abbrev  0x00001397      0x389 Drivers\STM32L4xx_HAL_Driver\Src\stm32l4xx_hal_pcd.o
 .debug_abbrev  0x00001720      0x2f3 Drivers\STM32L4xx_HAL_Driver\Src\stm32l4xx_hal_pcd_ex.o
 .debug_abbrev  0x00001a13      0x24b Drivers\STM32L4xx_HAL_Driver\Src\stm32l4xx_hal_pwr.o
 .debug_abbrev  0x00001c5e      0x2c7 Drivers\STM32L4xx_HAL_Driver\Src\stm32l4xx_hal_pwr_ex.o
 .debug_abbrev  0x00001f25      0x2d2 Drivers\STM32L4xx_HAL_Driver\Src\stm32l4xx_hal_rcc.o
 .debug_abbrev  0x000021f7      0x2ec Drivers\STM32L4xx_HAL_Driver\Src\stm32l4xx_hal_rcc_ex.o
 .debug_abbrev  0x000024e3      0x2f9 Drivers\STM32L4xx_HAL_Driver\Src\stm32l4xx_hal_rng.o
 .debug_abbrev  0x000027dc      0x2c6 Drivers\STM32L4xx_HAL_Driver\Src\stm32l4xx_hal_rtc.o
 .debug_abbrev  0x00002aa2      0x389 Drivers\STM32L4xx_HAL_Driver\Src\stm32l4xx_hal_spi.o
 .debug_abbrev  0x00002e2b      0x3aa Drivers\STM32L4xx_HAL_Driver\Src\stm32l4xx_hal_uart.o
 .debug_abbrev  0x000031d5      0x2b1 Drivers\STM32L4xx_HAL_Driver\Src\stm32l4xx_hal_uart_ex.o
 .debug_abbrev  0x00003486      0x2e7 Drivers\STM32L4xx_HAL_Driver\Src\stm32l4xx_ll_usb.o
 .debug_abbrev  0x0000376d      0x450 Middlewares\Third_Party\FreeRTOS\Source\CMSIS_RTOS\cmsis_os.o
 .debug_abbrev  0x00003bbd      0x1e3 Middlewares\Third_Party\FreeRTOS\Source\list.o
 .debug_abbrev  0x00003da0      0x211 Middlewares\Third_Party\FreeRTOS\Source\portable\GCC\ARM_CM4F\port.o
 .debug_abbrev  0x00003fb1      0x314 Middlewares\Third_Party\FreeRTOS\Source\portable\MemMang\heap_4.o
 .debug_abbrev  0x000042c5      0x419 Middlewares\Third_Party\FreeRTOS\Source\tasks.o
 .debug_abbrev  0x000046de      0x3b8 Src\main.o
 .debug_abbrev  0x00004a96      0x2c9 Src\stm32l4xx_hal_msp.o
 .debug_abbrev  0x00004d5f      0x22b Src\stm32l4xx_it.o
 .debug_abbrev  0x00004f8a      0x1eb Src\system_stm32l4xx.o
 .debug_abbrev  0x00005175       0x12 startup\startup_stm32l476xx.o

.debug_loc      0x00000000     0xc097
 .debug_loc     0x00000000       0xf4 Drivers\BSP\appQueue.o
 .debug_loc     0x000000f4       0x64 Drivers\BSP\dbgPrintf.o
 .debug_loc     0x00000158      0x82b Drivers\BSP\uart_if.o
 .debug_loc     0x00000983       0xf8 Drivers\STM32L4xx_HAL_Driver\Src\stm32l4xx_hal.o
 .debug_loc     0x00000a7b      0x4fb Drivers\STM32L4xx_HAL_Driver\Src\stm32l4xx_hal_cortex.o
 .debug_loc     0x00000f76      0x60c Drivers\STM32L4xx_HAL_Driver\Src\stm32l4xx_hal_dma.o
 .debug_loc     0x00001582      0x2cd Drivers\STM32L4xx_HAL_Driver\Src\stm32l4xx_hal_gpio.o
 .debug_loc     0x0000184f      0xb92 Drivers\STM32L4xx_HAL_Driver\Src\stm32l4xx_hal_pcd.o
 .debug_loc     0x000023e1      0x1d5 Drivers\STM32L4xx_HAL_Driver\Src\stm32l4xx_hal_pcd_ex.o
 .debug_loc     0x000025b6      0x132 Drivers\STM32L4xx_HAL_Driver\Src\stm32l4xx_hal_pwr.o
 .debug_loc     0x000026e8      0x5ad Drivers\STM32L4xx_HAL_Driver\Src\stm32l4xx_hal_pwr_ex.o
 .debug_loc     0x00002c95      0x5ac Drivers\STM32L4xx_HAL_Driver\Src\stm32l4xx_hal_rcc.o
 .debug_loc     0x00003241      0xdab Drivers\STM32L4xx_HAL_Driver\Src\stm32l4xx_hal_rcc_ex.o
 .debug_loc     0x00003fec      0x263 Drivers\STM32L4xx_HAL_Driver\Src\stm32l4xx_hal_rng.o
 .debug_loc     0x0000424f      0x82a Drivers\STM32L4xx_HAL_Driver\Src\stm32l4xx_hal_rtc.o
 .debug_loc     0x00004a79     0x1888 Drivers\STM32L4xx_HAL_Driver\Src\stm32l4xx_hal_spi.o
 .debug_loc     0x00006301     0x19a7 Drivers\STM32L4xx_HAL_Driver\Src\stm32l4xx_hal_uart.o
 .debug_loc     0x00007ca8      0x300 Drivers\STM32L4xx_HAL_Driver\Src\stm32l4xx_hal_uart_ex.o
 .debug_loc     0x00007fa8     0x15d3 Drivers\STM32L4xx_HAL_Driver\Src\stm32l4xx_ll_usb.o
 .debug_loc     0x0000957b     0x1038 Middlewares\Third_Party\FreeRTOS\Source\CMSIS_RTOS\cmsis_os.o
 .debug_loc     0x0000a5b3       0x94 Middlewares\Third_Party\FreeRTOS\Source\list.o
 .debug_loc     0x0000a647       0xcf Middlewares\Third_Party\FreeRTOS\Source\portable\GCC\ARM_CM4F\port.o
 .debug_loc     0x0000a716      0x390 Middlewares\Third_Party\FreeRTOS\Source\portable\MemMang\heap_4.o
 .debug_loc     0x0000aaa6     0x1249 Middlewares\Third_Party\FreeRTOS\Source\tasks.o
 .debug_loc     0x0000bcef       0x34 Src\main.o
 .debug_loc     0x0000bd23      0x1b6 Src\stm32l4xx_hal_msp.o
 .debug_loc     0x0000bed9      0x1be Src\system_stm32l4xx.o

.debug_aranges  0x00000000     0x1350
 .debug_aranges
                0x00000000       0x48 Drivers\BSP\appQueue.o
 .debug_aranges
                0x00000048       0x28 Drivers\BSP\dbgPrintf.o
 .debug_aranges
                0x00000070       0x78 Drivers\BSP\uart_if.o
 .debug_aranges
                0x000000e8      0x110 Drivers\STM32L4xx_HAL_Driver\Src\stm32l4xx_hal.o
 .debug_aranges
                0x000001f8       0xa8 Drivers\STM32L4xx_HAL_Driver\Src\stm32l4xx_hal_cortex.o
 .debug_aranges
                0x000002a0       0x78 Drivers\STM32L4xx_HAL_Driver\Src\stm32l4xx_hal_dma.o
 .debug_aranges
                0x00000318       0x58 Drivers\STM32L4xx_HAL_Driver\Src\stm32l4xx_hal_gpio.o
 .debug_aranges
                0x00000370       0xc0 Drivers\STM32L4xx_HAL_Driver\Src\stm32l4xx_hal_pcd.o
 .debug_aranges
                0x00000430       0x58 Drivers\STM32L4xx_HAL_Driver\Src\stm32l4xx_hal_pcd_ex.o
 .debug_aranges
                0x00000488       0x98 Drivers\STM32L4xx_HAL_Driver\Src\stm32l4xx_hal_pwr.o
 .debug_aranges
                0x00000520      0x130 Drivers\STM32L4xx_HAL_Driver\Src\stm32l4xx_hal_pwr_ex.o
 .debug_aranges
                0x00000650       0x88 Drivers\STM32L4xx_HAL_Driver\Src\stm32l4xx_hal_rcc.o
 .debug_aranges
                0x000006d8       0xb8 Drivers\STM32L4xx_HAL_Driver\Src\stm32l4xx_hal_rcc_ex.o
 .debug_aranges
                0x00000790       0x70 Drivers\STM32L4xx_HAL_Driver\Src\stm32l4xx_hal_rng.o
 .debug_aranges
                0x00000800       0xa8 Drivers\STM32L4xx_HAL_Driver\Src\stm32l4xx_hal_rtc.o
 .debug_aranges
                0x000008a8      0x198 Drivers\STM32L4xx_HAL_Driver\Src\stm32l4xx_hal_spi.o
 .debug_aranges
                0x00000a40      0x1a0 Drivers\STM32L4xx_HAL_Driver\Src\stm32l4xx_hal_uart.o
 .debug_aranges
                0x00000be0       0x48 Drivers\STM32L4xx_HAL_Driver\Src\stm32l4xx_hal_uart_ex.o
 .debug_aranges
                0x00000c28      0x190 Drivers\STM32L4xx_HAL_Driver\Src\stm32l4xx_ll_usb.o
 .debug_aranges
                0x00000db8      0x190 Middlewares\Third_Party\FreeRTOS\Source\CMSIS_RTOS\cmsis_os.o
 .debug_aranges
                0x00000f48       0x40 Middlewares\Third_Party\FreeRTOS\Source\list.o
 .debug_aranges
                0x00000f88       0x80 Middlewares\Third_Party\FreeRTOS\Source\portable\GCC\ARM_CM4F\port.o
 .debug_aranges
                0x00001008       0x48 Middlewares\Third_Party\FreeRTOS\Source\portable\MemMang\heap_4.o
 .debug_aranges
                0x00001050      0x170 Middlewares\Third_Party\FreeRTOS\Source\tasks.o
 .debug_aranges
                0x000011c0       0x38 Src\main.o
 .debug_aranges
                0x000011f8       0x70 Src\stm32l4xx_hal_msp.o
 .debug_aranges
                0x00001268       0x98 Src\stm32l4xx_it.o
 .debug_aranges
                0x00001300       0x28 Src\system_stm32l4xx.o
 .debug_aranges
                0x00001328       0x28 startup\startup_stm32l476xx.o

.debug_ranges   0x00000000     0x1630
 .debug_ranges  0x00000000       0x38 Drivers\BSP\appQueue.o
 .debug_ranges  0x00000038       0x18 Drivers\BSP\dbgPrintf.o
 .debug_ranges  0x00000050       0x80 Drivers\BSP\uart_if.o
 .debug_ranges  0x000000d0      0x100 Drivers\STM32L4xx_HAL_Driver\Src\stm32l4xx_hal.o
 .debug_ranges  0x000001d0      0x138 Drivers\STM32L4xx_HAL_Driver\Src\stm32l4xx_hal_cortex.o
 .debug_ranges  0x00000308       0xa0 Drivers\STM32L4xx_HAL_Driver\Src\stm32l4xx_hal_dma.o
 .debug_ranges  0x000003a8       0x68 Drivers\STM32L4xx_HAL_Driver\Src\stm32l4xx_hal_gpio.o
 .debug_ranges  0x00000410       0xc8 Drivers\STM32L4xx_HAL_Driver\Src\stm32l4xx_hal_pcd.o
 .debug_ranges  0x000004d8       0x48 Drivers\STM32L4xx_HAL_Driver\Src\stm32l4xx_hal_pcd_ex.o
 .debug_ranges  0x00000520       0x88 Drivers\STM32L4xx_HAL_Driver\Src\stm32l4xx_hal_pwr.o
 .debug_ranges  0x000005a8      0x120 Drivers\STM32L4xx_HAL_Driver\Src\stm32l4xx_hal_pwr_ex.o
 .debug_ranges  0x000006c8       0x90 Drivers\STM32L4xx_HAL_Driver\Src\stm32l4xx_hal_rcc.o
 .debug_ranges  0x00000758       0xe0 Drivers\STM32L4xx_HAL_Driver\Src\stm32l4xx_hal_rcc_ex.o
 .debug_ranges  0x00000838       0x60 Drivers\STM32L4xx_HAL_Driver\Src\stm32l4xx_hal_rng.o
 .debug_ranges  0x00000898       0x98 Drivers\STM32L4xx_HAL_Driver\Src\stm32l4xx_hal_rtc.o
 .debug_ranges  0x00000930      0x248 Drivers\STM32L4xx_HAL_Driver\Src\stm32l4xx_hal_spi.o
 .debug_ranges  0x00000b78      0x190 Drivers\STM32L4xx_HAL_Driver\Src\stm32l4xx_hal_uart.o
 .debug_ranges  0x00000d08       0x38 Drivers\STM32L4xx_HAL_Driver\Src\stm32l4xx_hal_uart_ex.o
 .debug_ranges  0x00000d40      0x180 Drivers\STM32L4xx_HAL_Driver\Src\stm32l4xx_ll_usb.o
 .debug_ranges  0x00000ec0      0x180 Middlewares\Third_Party\FreeRTOS\Source\CMSIS_RTOS\cmsis_os.o
 .debug_ranges  0x00001040       0x30 Middlewares\Third_Party\FreeRTOS\Source\list.o
 .debug_ranges  0x00001070       0x88 Middlewares\Third_Party\FreeRTOS\Source\portable\GCC\ARM_CM4F\port.o
 .debug_ranges  0x000010f8       0x38 Middlewares\Third_Party\FreeRTOS\Source\portable\MemMang\heap_4.o
 .debug_ranges  0x00001130      0x270 Middlewares\Third_Party\FreeRTOS\Source\tasks.o
 .debug_ranges  0x000013a0       0x78 Src\main.o
 .debug_ranges  0x00001418      0x158 Src\stm32l4xx_hal_msp.o
 .debug_ranges  0x00001570       0x88 Src\stm32l4xx_it.o
 .debug_ranges  0x000015f8       0x18 Src\system_stm32l4xx.o
 .debug_ranges  0x00001610       0x20 startup\startup_stm32l476xx.o

.debug_line     0x00000000     0xa37c
 .debug_line    0x00000000      0x26a Drivers\BSP\appQueue.o
 .debug_line    0x0000026a      0x34b Drivers\BSP\dbgPrintf.o
 .debug_line    0x000005b5      0x61b Drivers\BSP\uart_if.o
 .debug_line    0x00000bd0      0x4b8 Drivers\STM32L4xx_HAL_Driver\Src\stm32l4xx_hal.o
 .debug_line    0x00001088      0x4a2 Drivers\STM32L4xx_HAL_Driver\Src\stm32l4xx_hal_cortex.o
 .debug_line    0x0000152a      0x554 Drivers\STM32L4xx_HAL_Driver\Src\stm32l4xx_hal_dma.o
 .debug_line    0x00001a7e      0x449 Drivers\STM32L4xx_HAL_Driver\Src\stm32l4xx_hal_gpio.o
 .debug_line    0x00001ec7      0x71e Drivers\STM32L4xx_HAL_Driver\Src\stm32l4xx_hal_pcd.o
 .debug_line    0x000025e5      0x3a8 Drivers\STM32L4xx_HAL_Driver\Src\stm32l4xx_hal_pcd_ex.o
 .debug_line    0x0000298d      0x3f3 Drivers\STM32L4xx_HAL_Driver\Src\stm32l4xx_hal_pwr.o
 .debug_line    0x00002d80      0x641 Drivers\STM32L4xx_HAL_Driver\Src\stm32l4xx_hal_pwr_ex.o
 .debug_line    0x000033c1      0x616 Drivers\STM32L4xx_HAL_Driver\Src\stm32l4xx_hal_rcc.o
 .debug_line    0x000039d7      0x796 Drivers\STM32L4xx_HAL_Driver\Src\stm32l4xx_hal_rcc_ex.o
 .debug_line    0x0000416d      0x3fb Drivers\STM32L4xx_HAL_Driver\Src\stm32l4xx_hal_rng.o
 .debug_line    0x00004568      0x69f Drivers\STM32L4xx_HAL_Driver\Src\stm32l4xx_hal_rtc.o
 .debug_line    0x00004c07      0xcd8 Drivers\STM32L4xx_HAL_Driver\Src\stm32l4xx_hal_spi.o
 .debug_line    0x000058df      0xe1c Drivers\STM32L4xx_HAL_Driver\Src\stm32l4xx_hal_uart.o
 .debug_line    0x000066fb      0x3cd Drivers\STM32L4xx_HAL_Driver\Src\stm32l4xx_hal_uart_ex.o
 .debug_line    0x00006ac8      0x8af Drivers\STM32L4xx_HAL_Driver\Src\stm32l4xx_ll_usb.o
 .debug_line    0x00007377      0x8a1 Middlewares\Third_Party\FreeRTOS\Source\CMSIS_RTOS\cmsis_os.o
 .debug_line    0x00007c18      0x324 Middlewares\Third_Party\FreeRTOS\Source\list.o
 .debug_line    0x00007f3c      0x327 Middlewares\Third_Party\FreeRTOS\Source\portable\GCC\ARM_CM4F\port.o
 .debug_line    0x00008263      0x3d1 Middlewares\Third_Party\FreeRTOS\Source\portable\MemMang\heap_4.o
 .debug_line    0x00008634      0xb43 Middlewares\Third_Party\FreeRTOS\Source\tasks.o
 .debug_line    0x00009177      0x55e Src\main.o
 .debug_line    0x000096d5      0x602 Src\stm32l4xx_hal_msp.o
 .debug_line    0x00009cd7      0x3b1 Src\stm32l4xx_it.o
 .debug_line    0x0000a088      0x275 Src\system_stm32l4xx.o
 .debug_line    0x0000a2fd       0x7f startup\startup_stm32l476xx.o

.debug_str      0x00000000     0x752e
 .debug_str     0x00000000      0x5e1 Drivers\BSP\appQueue.o
                                0x674 (size before relaxing)
 .debug_str     0x000005e1      0x73e Drivers\BSP\dbgPrintf.o
                                0xdc1 (size before relaxing)
 .debug_str     0x00000d1f      0x477 Drivers\BSP\uart_if.o
                               0x11d7 (size before relaxing)
 .debug_str     0x00001196      0xa43 Drivers\STM32L4xx_HAL_Driver\Src\stm32l4xx_hal.o
                               0x10c0 (size before relaxing)
 .debug_str     0x00001bd9      0x3ba Drivers\STM32L4xx_HAL_Driver\Src\stm32l4xx_hal_cortex.o
                               0x107b (size before relaxing)
 .debug_str     0x00001f93      0x261 Drivers\STM32L4xx_HAL_Driver\Src\stm32l4xx_hal_dma.o
                                0xad9 (size before relaxing)
 .debug_str     0x000021f4      0x1c2 Drivers\STM32L4xx_HAL_Driver\Src\stm32l4xx_hal_gpio.o
                                0x9d6 (size before relaxing)
 .debug_str     0x000023b6      0xae3 Drivers\STM32L4xx_HAL_Driver\Src\stm32l4xx_hal_pcd.o
                               0x11b0 (size before relaxing)
 .debug_str     0x00002e99      0x199 Drivers\STM32L4xx_HAL_Driver\Src\stm32l4xx_hal_pcd_ex.o
                                0xd34 (size before relaxing)
 .debug_str     0x00003032      0x2fb Drivers\STM32L4xx_HAL_Driver\Src\stm32l4xx_hal_pwr.o
                                0xb3e (size before relaxing)
 .debug_str     0x0000332d      0x427 Drivers\STM32L4xx_HAL_Driver\Src\stm32l4xx_hal_pwr_ex.o
                                0xc66 (size before relaxing)
 .debug_str     0x00003754      0x388 Drivers\STM32L4xx_HAL_Driver\Src\stm32l4xx_hal_rcc.o
                                0xc8a (size before relaxing)
 .debug_str     0x00003adc      0x538 Drivers\STM32L4xx_HAL_Driver\Src\stm32l4xx_hal_rcc_ex.o
                                0xf05 (size before relaxing)
 .debug_str     0x00004014      0x200 Drivers\STM32L4xx_HAL_Driver\Src\stm32l4xx_hal_rng.o
                                0x8c0 (size before relaxing)
 .debug_str     0x00004214      0x4f1 Drivers\STM32L4xx_HAL_Driver\Src\stm32l4xx_hal_rtc.o
                                0xc44 (size before relaxing)
 .debug_str     0x00004705      0x6bd Drivers\STM32L4xx_HAL_Driver\Src\stm32l4xx_hal_spi.o
                                0xfea (size before relaxing)
 .debug_str     0x00004dc2      0x665 Drivers\STM32L4xx_HAL_Driver\Src\stm32l4xx_hal_uart.o
                               0x142b (size before relaxing)
 .debug_str     0x00005427      0x146 Drivers\STM32L4xx_HAL_Driver\Src\stm32l4xx_hal_uart_ex.o
                                0xd02 (size before relaxing)
 .debug_str     0x0000556d      0x3d5 Drivers\STM32L4xx_HAL_Driver\Src\stm32l4xx_ll_usb.o
                               0x108e (size before relaxing)
 .debug_str     0x00005942      0xb1b Middlewares\Third_Party\FreeRTOS\Source\CMSIS_RTOS\cmsis_os.o
                               0x11ef (size before relaxing)
 .debug_str     0x0000645d      0x14f Middlewares\Third_Party\FreeRTOS\Source\list.o
                                0x73c (size before relaxing)
 .debug_str     0x000065ac      0x21e Middlewares\Third_Party\FreeRTOS\Source\portable\GCC\ARM_CM4F\port.o
                                0x46b (size before relaxing)
 .debug_str     0x000067ca      0x1e8 Middlewares\Third_Party\FreeRTOS\Source\portable\MemMang\heap_4.o
                                0x825 (size before relaxing)
 .debug_str     0x000069b2      0x824 Middlewares\Third_Party\FreeRTOS\Source\tasks.o
                               0x1237 (size before relaxing)
 .debug_str     0x000071d6      0x17d Src\main.o
                               0x2494 (size before relaxing)
 .debug_str     0x00007353       0x1b Src\stm32l4xx_hal_msp.o
                               0x1b8a (size before relaxing)
 .debug_str     0x0000736e      0x185 Src\stm32l4xx_it.o
                                0xa42 (size before relaxing)
 .debug_str     0x000074f3       0x3b Src\system_stm32l4xx.o
                                0x81e (size before relaxing)

.comment        0x00000000       0x7c
 .comment       0x00000000       0x7c Drivers\BSP\appQueue.o
                                 0x7d (size before relaxing)
 .comment       0x0000007c       0x7d Drivers\BSP\dbgPrintf.o
 .comment       0x0000007c       0x7d Drivers\BSP\uart_if.o
 .comment       0x0000007c       0x7d Drivers\STM32L4xx_HAL_Driver\Src\stm32l4xx_hal.o
 .comment       0x0000007c       0x7d Drivers\STM32L4xx_HAL_Driver\Src\stm32l4xx_hal_cortex.o
 .comment       0x0000007c       0x7d Drivers\STM32L4xx_HAL_Driver\Src\stm32l4xx_hal_dma.o
 .comment       0x0000007c       0x7d Drivers\STM32L4xx_HAL_Driver\Src\stm32l4xx_hal_gpio.o
 .comment       0x0000007c       0x7d Drivers\STM32L4xx_HAL_Driver\Src\stm32l4xx_hal_pcd.o
 .comment       0x0000007c       0x7d Drivers\STM32L4xx_HAL_Driver\Src\stm32l4xx_hal_pcd_ex.o
 .comment       0x0000007c       0x7d Drivers\STM32L4xx_HAL_Driver\Src\stm32l4xx_hal_pwr.o
 .comment       0x0000007c       0x7d Drivers\STM32L4xx_HAL_Driver\Src\stm32l4xx_hal_pwr_ex.o
 .comment       0x0000007c       0x7d Drivers\STM32L4xx_HAL_Driver\Src\stm32l4xx_hal_rcc.o
 .comment       0x0000007c       0x7d Drivers\STM32L4xx_HAL_Driver\Src\stm32l4xx_hal_rcc_ex.o
 .comment       0x0000007c       0x7d Drivers\STM32L4xx_HAL_Driver\Src\stm32l4xx_hal_rng.o
 .comment       0x0000007c       0x7d Drivers\STM32L4xx_HAL_Driver\Src\stm32l4xx_hal_rtc.o
 .comment       0x0000007c       0x7d Drivers\STM32L4xx_HAL_Driver\Src\stm32l4xx_hal_spi.o
 .comment       0x0000007c       0x7d Drivers\STM32L4xx_HAL_Driver\Src\stm32l4xx_hal_uart.o
 .comment       0x0000007c       0x7d Drivers\STM32L4xx_HAL_Driver\Src\stm32l4xx_hal_uart_ex.o
 .comment       0x0000007c       0x7d Drivers\STM32L4xx_HAL_Driver\Src\stm32l4xx_ll_usb.o
 .comment       0x0000007c       0x7d Middlewares\Third_Party\FreeRTOS\Source\CMSIS_RTOS\cmsis_os.o
 .comment       0x0000007c       0x7d Middlewares\Third_Party\FreeRTOS\Source\list.o
 .comment       0x0000007c       0x7d Middlewares\Third_Party\FreeRTOS\Source\portable\GCC\ARM_CM4F\port.o
 .comment       0x0000007c       0x7d Middlewares\Third_Party\FreeRTOS\Source\portable\MemMang\heap_4.o
 .comment       0x0000007c       0x7d Middlewares\Third_Party\FreeRTOS\Source\tasks.o
 .comment       0x0000007c       0x7d Src\main.o
 .comment       0x0000007c       0x7d Src\stm32l4xx_hal_msp.o
 .comment       0x0000007c       0x7d Src\stm32l4xx_it.o
 .comment       0x0000007c       0x7d Src\system_stm32l4xx.o

.debug_frame    0x00000000     0x38c0
 .debug_frame   0x00000000       0x94 Drivers\BSP\appQueue.o
 .debug_frame   0x00000094       0x58 Drivers\BSP\dbgPrintf.o
 .debug_frame   0x000000ec      0x1b4 Drivers\BSP\uart_if.o
 .debug_frame   0x000002a0      0x240 Drivers\STM32L4xx_HAL_Driver\Src\stm32l4xx_hal.o
 .debug_frame   0x000004e0      0x158 Drivers\STM32L4xx_HAL_Driver\Src\stm32l4xx_hal_cortex.o
 .debug_frame   0x00000638      0x140 Drivers\STM32L4xx_HAL_Driver\Src\stm32l4xx_hal_dma.o
 .debug_frame   0x00000778       0xdc Drivers\STM32L4xx_HAL_Driver\Src\stm32l4xx_hal_gpio.o
 .debug_frame   0x00000854      0x2c8 Drivers\STM32L4xx_HAL_Driver\Src\stm32l4xx_hal_pcd.o
 .debug_frame   0x00000b1c       0xb8 Drivers\STM32L4xx_HAL_Driver\Src\stm32l4xx_hal_pcd_ex.o
 .debug_frame   0x00000bd4      0x118 Drivers\STM32L4xx_HAL_Driver\Src\stm32l4xx_hal_pwr.o
 .debug_frame   0x00000cec      0x278 Drivers\STM32L4xx_HAL_Driver\Src\stm32l4xx_hal_pwr_ex.o
 .debug_frame   0x00000f64      0x15c Drivers\STM32L4xx_HAL_Driver\Src\stm32l4xx_hal_rcc.o
 .debug_frame   0x000010c0      0x1f0 Drivers\STM32L4xx_HAL_Driver\Src\stm32l4xx_hal_rcc_ex.o
 .debug_frame   0x000012b0      0x110 Drivers\STM32L4xx_HAL_Driver\Src\stm32l4xx_hal_rng.o
 .debug_frame   0x000013c0      0x210 Drivers\STM32L4xx_HAL_Driver\Src\stm32l4xx_hal_rtc.o
 .debug_frame   0x000015d0      0x5bc Drivers\STM32L4xx_HAL_Driver\Src\stm32l4xx_hal_spi.o
 .debug_frame   0x00001b8c      0x548 Drivers\STM32L4xx_HAL_Driver\Src\stm32l4xx_hal_uart.o
 .debug_frame   0x000020d4       0x9c Drivers\STM32L4xx_HAL_Driver\Src\stm32l4xx_hal_uart_ex.o
 .debug_frame   0x00002170      0x4d4 Drivers\STM32L4xx_HAL_Driver\Src\stm32l4xx_ll_usb.o
 .debug_frame   0x00002644      0x4d4 Middlewares\Third_Party\FreeRTOS\Source\CMSIS_RTOS\cmsis_os.o
 .debug_frame   0x00002b18       0x6c Middlewares\Third_Party\FreeRTOS\Source\list.o
 .debug_frame   0x00002b84       0xf0 Middlewares\Third_Party\FreeRTOS\Source\portable\GCC\ARM_CM4F\port.o
 .debug_frame   0x00002c74       0x98 Middlewares\Third_Party\FreeRTOS\Source\portable\MemMang\heap_4.o
 .debug_frame   0x00002d0c      0x4ac Middlewares\Third_Party\FreeRTOS\Source\tasks.o
 .debug_frame   0x000031b8       0x84 Src\main.o
 .debug_frame   0x0000323c      0x150 Src\stm32l4xx_hal_msp.o
 .debug_frame   0x0000338c      0x12c Src\stm32l4xx_it.o
 .debug_frame   0x000034b8       0x38 Src\system_stm32l4xx.o
 .debug_frame   0x000034f0       0x2c f:/truestudio/truestudio for stm32 9.0.0/armtools/bin/../lib/gcc/arm-atollic-eabi/6.3.1/../../../../arm-atollic-eabi/lib/armv7e-m/fpu\libc_nano.a(lib_a-init.o)
 .debug_frame   0x0000351c       0x28 f:/truestudio/truestudio for stm32 9.0.0/armtools/bin/../lib/gcc/arm-atollic-eabi/6.3.1/../../../../arm-atollic-eabi/lib/armv7e-m/fpu\libc_nano.a(lib_a-memcpy-stub.o)
 .debug_frame   0x00003544       0x20 f:/truestudio/truestudio for stm32 9.0.0/armtools/bin/../lib/gcc/arm-atollic-eabi/6.3.1/../../../../arm-atollic-eabi/lib/armv7e-m/fpu\libc_nano.a(lib_a-memset.o)
 .debug_frame   0x00003564       0x4c f:/truestudio/truestudio for stm32 9.0.0/armtools/bin/../lib/gcc/arm-atollic-eabi/6.3.1/../../../../arm-atollic-eabi/lib/armv7e-m/fpu\libc_nano.a(lib_a-vsnprintf.o)
 .debug_frame   0x000035b0       0x90 f:/truestudio/truestudio for stm32 9.0.0/armtools/bin/../lib/gcc/arm-atollic-eabi/6.3.1/../../../../arm-atollic-eabi/lib/armv7e-m/fpu\libc_nano.a(lib_a-nano-svfprintf.o)
 .debug_frame   0x00003640       0x60 f:/truestudio/truestudio for stm32 9.0.0/armtools/bin/../lib/gcc/arm-atollic-eabi/6.3.1/../../../../arm-atollic-eabi/lib/armv7e-m/fpu\libc_nano.a(lib_a-nano-vfprintf_i.o)
 .debug_frame   0x000036a0       0x28 f:/truestudio/truestudio for stm32 9.0.0/armtools/bin/../lib/gcc/arm-atollic-eabi/6.3.1/../../../../arm-atollic-eabi/lib/armv7e-m/fpu\libc_nano.a(lib_a-memmove.o)
 .debug_frame   0x000036c8       0x38 f:/truestudio/truestudio for stm32 9.0.0/armtools/bin/../lib/gcc/arm-atollic-eabi/6.3.1/../../../../arm-atollic-eabi/lib/armv7e-m/fpu\libc_nano.a(lib_a-nano-freer.o)
 .debug_frame   0x00003700       0x2c f:/truestudio/truestudio for stm32 9.0.0/armtools/bin/../lib/gcc/arm-atollic-eabi/6.3.1/../../../../arm-atollic-eabi/lib/armv7e-m/fpu\libc_nano.a(lib_a-nano-mallocr.o)
 .debug_frame   0x0000372c       0x3c f:/truestudio/truestudio for stm32 9.0.0/armtools/bin/../lib/gcc/arm-atollic-eabi/6.3.1/../../../../arm-atollic-eabi/lib/armv7e-m/fpu\libc_nano.a(lib_a-nano-reallocr.o)
 .debug_frame   0x00003768       0x2c f:/truestudio/truestudio for stm32 9.0.0/armtools/bin/../lib/gcc/arm-atollic-eabi/6.3.1/../../../../arm-atollic-eabi/lib/armv7e-m/fpu\libc_nano.a(lib_a-sbrkr.o)
 .debug_frame   0x00003794       0x30 f:/truestudio/truestudio for stm32 9.0.0/armtools/bin/../lib/gcc/arm-atollic-eabi/6.3.1/../../../../arm-atollic-eabi/lib/armv7e-m/fpu\libc_nano.a(lib_a-mlock.o)
 .debug_frame   0x000037c4       0x20 f:/truestudio/truestudio for stm32 9.0.0/armtools/bin/../lib/gcc/arm-atollic-eabi/6.3.1/../../../../arm-atollic-eabi/lib/armv7e-m/fpu\libc_nano.a(lib_a-nano-msizer.o)
 .debug_frame   0x000037e4       0x5c f:/truestudio/truestudio for stm32 9.0.0/armtools/bin/../lib/gcc/arm-atollic-eabi/6.3.1/../../../../arm-atollic-eabi/lib/armv7e-m/fpu\libc_nano.a(lib_a-reent.o)
 .debug_frame   0x00003840       0x2c f:/truestudio/truestudio for stm32 9.0.0/armtools/bin/../lib/gcc/arm-atollic-eabi/6.3.1/armv7e-m/fpu\libgcc.a(_aeabi_uldivmod.o)
 .debug_frame   0x0000386c       0x34 f:/truestudio/truestudio for stm32 9.0.0/armtools/bin/../lib/gcc/arm-atollic-eabi/6.3.1/armv7e-m/fpu\libgcc.a(_udivmoddi4.o)
 .debug_frame   0x000038a0       0x20 f:/truestudio/truestudio for stm32 9.0.0/armtools/bin/../lib/gcc/arm-atollic-eabi/6.3.1/../../../../arm-atollic-eabi/lib/armv7e-m/fpu\libnosys.a(sbrk.o)
