stm32l4xx_hal_uart.c:2755:13:UART_EndRxTransfer	0	static
stm32l4xx_hal_uart.c:3090:13:UART_TxISR_16BIT	0	static
stm32l4xx_hal_uart.c:3058:13:UART_TxISR_8BIT	0	static
stm32l4xx_hal_uart.c:570:13:HAL_UART_MspInit	0	static
stm32l4xx_hal_uart.c:585:13:HAL_UART_MspDeInit	0	static
stm32l4xx_hal_uart.c:532:19:HAL_UART_DeInit	16	static
stm32l4xx_hal_uart.c:834:19:HAL_UART_Transmit_IT	0	static
stm32l4xx_hal_uart.c:914:19:HAL_UART_Receive_IT	0	static
stm32l4xx_hal_uart.c:1001:19:HAL_UART_Transmit_DMA	16	static
stm32l4xx_hal_uart.c:1063:19:HAL_UART_Receive_DMA	16	static
stm32l4xx_hal_uart.c:1123:19:HAL_UART_DMAPause	0	static
stm32l4xx_hal_uart.c:1156:19:HAL_UART_DMAResume	0	static
stm32l4xx_hal_uart.c:1190:19:HAL_UART_DMAStop	8	static
stm32l4xx_hal_uart.c:1244:19:HAL_UART_Abort	8	static
stm32l4xx_hal_uart.c:1326:19:HAL_UART_AbortTransmit	8	static
stm32l4xx_hal_uart.c:1380:19:HAL_UART_AbortReceive	8	static
stm32l4xx_hal_uart.c:1938:13:HAL_UART_TxCpltCallback	0	static
stm32l4xx_hal_uart.c:2778:13:UART_DMATransmitCplt	8	static
stm32l4xx_hal_uart.c:1953:13:HAL_UART_TxHalfCpltCallback	0	static
stm32l4xx_hal_uart.c:2808:13:UART_DMATxHalfCplt	8	static
stm32l4xx_hal_uart.c:1968:13:HAL_UART_RxCpltCallback	0	static
stm32l4xx_hal_uart.c:3219:13:UART_RxISR_8BIT	16	static
stm32l4xx_hal_uart.c:3265:13:UART_RxISR_16BIT	8	static
stm32l4xx_hal_uart.c:2820:13:UART_DMAReceiveCplt	8	static
stm32l4xx_hal_uart.c:1983:13:HAL_UART_RxHalfCpltCallback	0	static
stm32l4xx_hal_uart.c:2849:13:UART_DMARxHalfCplt	8	static
stm32l4xx_hal_uart.c:1998:13:HAL_UART_ErrorCallback	0	static
stm32l4xx_hal_uart.c:2861:13:UART_DMAError	8	static
stm32l4xx_hal_uart.c:1738:6:HAL_UART_IRQHandler	16	static
stm32l4xx_hal_uart.c:2891:13:UART_DMAAbortOnError	8	static
stm32l4xx_hal_uart.c:2013:13:HAL_UART_AbortCpltCallback	0	static
stm32l4xx_hal_uart.c:1435:19:HAL_UART_Abort_IT	8	static
stm32l4xx_hal_uart.c:2958:13:UART_DMARxAbortCallback	8	static
stm32l4xx_hal_uart.c:2908:13:UART_DMATxAbortCallback	8	static
stm32l4xx_hal_uart.c:2028:13:HAL_UART_AbortTransmitCpltCallback	0	static
stm32l4xx_hal_uart.c:1579:19:HAL_UART_AbortTransmit_IT	8	static
stm32l4xx_hal_uart.c:3003:13:UART_DMATxOnlyAbortCallback	8	static
stm32l4xx_hal_uart.c:2043:13:HAL_UART_AbortReceiveCpltCallback	0	static
stm32l4xx_hal_uart.c:1662:19:HAL_UART_AbortReceive_IT	8	static
stm32l4xx_hal_uart.c:3032:13:UART_DMARxOnlyAbortCallback	8	static
stm32l4xx_hal_uart.c:2129:6:HAL_MultiProcessor_EnterMuteMode	0	static
stm32l4xx_hal_uart.c:2139:19:HAL_HalfDuplex_EnableTransmitter	0	static
stm32l4xx_hal_uart.c:2164:19:HAL_HalfDuplex_EnableReceiver	0	static
stm32l4xx_hal_uart.c:2190:19:HAL_LIN_SendBreak	0	static
stm32l4xx_hal_uart.c:2237:23:HAL_UART_GetState	0	static
stm32l4xx_hal_uart.c:2252:10:HAL_UART_GetError	0	static
stm32l4xx_hal_uart.c:2273:19:UART_SetConfig	24	static
stm32l4xx_hal_uart.c:2575:6:UART_AdvFeatureConfig	8	static
stm32l4xx_hal_uart.c:2699:19:UART_WaitOnFlagUntilTimeout	24	static
stm32l4xx_hal_uart.c:688:19:HAL_UART_Transmit	32	static
stm32l4xx_hal_uart.c:763:19:HAL_UART_Receive	32	static
stm32l4xx_hal_uart.c:2649:19:UART_CheckIdleState	24	static
stm32l4xx_hal_uart.c:254:19:HAL_UART_Init	8	static
stm32l4xx_hal_uart.c:318:19:HAL_HalfDuplex_Init	8	static
stm32l4xx_hal_uart.c:381:19:HAL_LIN_Init	16	static
stm32l4xx_hal_uart.c:468:19:HAL_MultiProcessor_Init	16	static
stm32l4xx_hal_uart.c:2087:19:HAL_MultiProcessor_EnableMuteMode	0	static
stm32l4xx_hal_uart.c:2108:19:HAL_MultiProcessor_DisableMuteMode	0	static
