stm32l4xx_hal_uart.c:2776:13:UART_EndRxTransfer	0	static
stm32l4xx_hal_uart.c:3111:13:UART_TxISR_16BIT	0	static
stm32l4xx_hal_uart.c:3079:13:UART_TxISR_8BIT	0	static
stm32l4xx_hal_uart.c:573:13:HAL_UART_MspInit	0	static
stm32l4xx_hal_uart.c:588:13:HAL_UART_MspDeInit	0	static
stm32l4xx_hal_uart.c:535:19:HAL_UART_DeInit	16	static
stm32l4xx_hal_uart.c:837:19:HAL_UART_Transmit_IT	0	static
stm32l4xx_hal_uart.c:917:19:HAL_UART_Receive_IT	0	static
stm32l4xx_hal_uart.c:1004:19:HAL_UART_Transmit_DMA	16	static
stm32l4xx_hal_uart.c:1066:19:HAL_UART_Receive_DMA	16	static
stm32l4xx_hal_uart.c:1126:19:HAL_UART_DMAPause	0	static
stm32l4xx_hal_uart.c:1159:19:HAL_UART_DMAResume	0	static
stm32l4xx_hal_uart.c:1187:19:HAL_UART_DMAStopRx	8	static
stm32l4xx_hal_uart.c:1211:19:HAL_UART_DMAStop	8	static
stm32l4xx_hal_uart.c:1265:19:HAL_UART_Abort	8	static
stm32l4xx_hal_uart.c:1347:19:HAL_UART_AbortTransmit	8	static
stm32l4xx_hal_uart.c:1401:19:HAL_UART_AbortReceive	8	static
stm32l4xx_hal_uart.c:1959:13:HAL_UART_TxCpltCallback	0	static
stm32l4xx_hal_uart.c:2799:13:UART_DMATransmitCplt	8	static
stm32l4xx_hal_uart.c:1974:13:HAL_UART_TxHalfCpltCallback	0	static
stm32l4xx_hal_uart.c:2829:13:UART_DMATxHalfCplt	8	static
stm32l4xx_hal_uart.c:1989:13:HAL_UART_RxCpltCallback	0	static
stm32l4xx_hal_uart.c:3240:13:UART_RxISR_8BIT	16	static
stm32l4xx_hal_uart.c:3286:13:UART_RxISR_16BIT	8	static
stm32l4xx_hal_uart.c:2841:13:UART_DMAReceiveCplt	8	static
stm32l4xx_hal_uart.c:2004:13:HAL_UART_RxHalfCpltCallback	0	static
stm32l4xx_hal_uart.c:2870:13:UART_DMARxHalfCplt	8	static
stm32l4xx_hal_uart.c:2019:13:HAL_UART_ErrorCallback	0	static
stm32l4xx_hal_uart.c:2882:13:UART_DMAError	8	static
stm32l4xx_hal_uart.c:1759:6:HAL_UART_IRQHandler	16	static
stm32l4xx_hal_uart.c:2912:13:UART_DMAAbortOnError	8	static
stm32l4xx_hal_uart.c:2034:13:HAL_UART_AbortCpltCallback	0	static
stm32l4xx_hal_uart.c:1456:19:HAL_UART_Abort_IT	8	static
stm32l4xx_hal_uart.c:2979:13:UART_DMARxAbortCallback	8	static
stm32l4xx_hal_uart.c:2929:13:UART_DMATxAbortCallback	8	static
stm32l4xx_hal_uart.c:2049:13:HAL_UART_AbortTransmitCpltCallback	0	static
stm32l4xx_hal_uart.c:1600:19:HAL_UART_AbortTransmit_IT	8	static
stm32l4xx_hal_uart.c:3024:13:UART_DMATxOnlyAbortCallback	8	static
stm32l4xx_hal_uart.c:2064:13:HAL_UART_AbortReceiveCpltCallback	0	static
stm32l4xx_hal_uart.c:1683:19:HAL_UART_AbortReceive_IT	8	static
stm32l4xx_hal_uart.c:3053:13:UART_DMARxOnlyAbortCallback	8	static
stm32l4xx_hal_uart.c:2150:6:HAL_MultiProcessor_EnterMuteMode	0	static
stm32l4xx_hal_uart.c:2160:19:HAL_HalfDuplex_EnableTransmitter	0	static
stm32l4xx_hal_uart.c:2185:19:HAL_HalfDuplex_EnableReceiver	0	static
stm32l4xx_hal_uart.c:2211:19:HAL_LIN_SendBreak	0	static
stm32l4xx_hal_uart.c:2258:23:HAL_UART_GetState	0	static
stm32l4xx_hal_uart.c:2273:10:HAL_UART_GetError	0	static
stm32l4xx_hal_uart.c:2294:19:UART_SetConfig	24	static
stm32l4xx_hal_uart.c:2596:6:UART_AdvFeatureConfig	8	static
stm32l4xx_hal_uart.c:254:19:HAL_UART_Init	8	static
stm32l4xx_hal_uart.c:2720:19:UART_WaitOnFlagUntilTimeout	24	static
stm32l4xx_hal_uart.c:691:19:HAL_UART_Transmit	32	static
stm32l4xx_hal_uart.c:766:19:HAL_UART_Receive	32	static
stm32l4xx_hal_uart.c:2670:19:UART_CheckIdleState	24	static
stm32l4xx_hal_uart.c:321:19:HAL_HalfDuplex_Init	8	static
stm32l4xx_hal_uart.c:384:19:HAL_LIN_Init	16	static
stm32l4xx_hal_uart.c:471:19:HAL_MultiProcessor_Init	16	static
stm32l4xx_hal_uart.c:2108:19:HAL_MultiProcessor_EnableMuteMode	0	static
stm32l4xx_hal_uart.c:2129:19:HAL_MultiProcessor_DisableMuteMode	0	static
