uart_if.c:54:6:HAL_UART_RxCpltCallback	24	static
uart_if.c:103:6:HAL_UART_TxCpltCallback	0	static
uart_if.c:145:6:USART1_IRQHandler	24	static
uart_if.c:185:6:USART2_IRQHandler	32	static
uart_if.c:226:6:USART3_IRQHandler	32	static
uart_if.c:267:6:UART4_IRQHandler	32	static
uart_if.c:305:6:UART5_IRQHandler	32	static
uart_if.c:346:21:tszUART_Init	32	static
uart_if.c:441:21:tszUART_DeInit	16	static
uart_if.c:486:21:tszUART_Read	32	static
uart_if.c:664:21:tszUART_Write	48	static
uart_if.c:741:21:tszUART_ClearRxData	8	static
