stm32l4xx_it.c:62:6:NMI_Handler	0	static
stm32l4xx_it.c:75:6:HardFault_Handler	0	static
stm32l4xx_it.c:93:6:MemManage_Handler	0	static
stm32l4xx_it.c:111:6:BusFault_Handler	0	static
stm32l4xx_it.c:129:6:UsageFault_Handler	0	static
stm32l4xx_it.c:147:6:DebugMon_Handler	0	static
stm32l4xx_it.c:160:6:SysTick_Handler	8	static
stm32l4xx_it.c:182:6:DMA1_Channel2_IRQHandler	0	static
stm32l4xx_it.c:196:6:DMA1_Channel3_IRQHandler	0	static
stm32l4xx_it.c:210:6:DMA1_Channel4_IRQHandler	0	static
stm32l4xx_it.c:224:6:DMA1_Channel5_IRQHandler	0	static
stm32l4xx_it.c:238:6:DMA1_Channel6_IRQHandler	0	static
stm32l4xx_it.c:252:6:DMA1_Channel7_IRQHandler	0	static
stm32l4xx_it.c:266:6:DMA2_Channel1_IRQHandler	0	static
stm32l4xx_it.c:280:6:DMA2_Channel2_IRQHandler	0	static
stm32l4xx_it.c:294:6:DMA2_Channel3_IRQHandler	0	static
stm32l4xx_it.c:308:6:DMA2_Channel5_IRQHandler	0	static
